Component: ARM Compiler 5.06 update 7 (build 960) Tool: armlink [4d3601]

==============================================================================

Section Cross References

    startup_stm32f103xb.o(RESET) refers to startup_stm32f103xb.o(STACK) for __initial_sp
    startup_stm32f103xb.o(RESET) refers to startup_stm32f103xb.o(.text) for Reset_Handler
    startup_stm32f103xb.o(RESET) refers to stm32f1xx_it.o(i.NMI_Handler) for NMI_Handler
    startup_stm32f103xb.o(RESET) refers to stm32f1xx_it.o(i.HardFault_Handler) for HardFault_Handler
    startup_stm32f103xb.o(RESET) refers to stm32f1xx_it.o(i.MemManage_Handler) for MemManage_Handler
    startup_stm32f103xb.o(RESET) refers to stm32f1xx_it.o(i.BusFault_Handler) for BusFault_Handler
    startup_stm32f103xb.o(RESET) refers to stm32f1xx_it.o(i.UsageFault_Handler) for UsageFault_Handler
    startup_stm32f103xb.o(RESET) refers to stm32f1xx_it.o(i.SVC_Handler) for SVC_Handler
    startup_stm32f103xb.o(RESET) refers to stm32f1xx_it.o(i.DebugMon_Handler) for DebugMon_Handler
    startup_stm32f103xb.o(RESET) refers to stm32f1xx_it.o(i.PendSV_Handler) for PendSV_Handler
    startup_stm32f103xb.o(RESET) refers to stm32f1xx_it.o(i.SysTick_Handler) for SysTick_Handler
    startup_stm32f103xb.o(RESET) refers to stm32f1xx_it.o(i.EXTI0_IRQHandler) for EXTI0_IRQHandler
    startup_stm32f103xb.o(RESET) refers to stm32f1xx_it.o(i.EXTI1_IRQHandler) for EXTI1_IRQHandler
    startup_stm32f103xb.o(RESET) refers to stm32f1xx_it.o(i.DMA1_Channel1_IRQHandler) for DMA1_Channel1_IRQHandler
    startup_stm32f103xb.o(RESET) refers to stm32f1xx_it.o(i.DMA1_Channel5_IRQHandler) for DMA1_Channel5_IRQHandler
    startup_stm32f103xb.o(RESET) refers to stm32f1xx_it.o(i.ADC1_2_IRQHandler) for ADC1_2_IRQHandler
    startup_stm32f103xb.o(RESET) refers to stm32f1xx_it.o(i.TIM3_IRQHandler) for TIM3_IRQHandler
    startup_stm32f103xb.o(RESET) refers to stm32f1xx_it.o(i.TIM4_IRQHandler) for TIM4_IRQHandler
    startup_stm32f103xb.o(RESET) refers to stm32f1xx_it.o(i.I2C1_EV_IRQHandler) for I2C1_EV_IRQHandler
    startup_stm32f103xb.o(RESET) refers to stm32f1xx_it.o(i.USART1_IRQHandler) for USART1_IRQHandler
    startup_stm32f103xb.o(.text) refers to system_stm32f1xx.o(i.SystemInit) for SystemInit
    startup_stm32f103xb.o(.text) refers to entry.o(.ARM.Collect$$$$00000000) for __main
    bspcsis.o(i.HAL_GPIO_EXTI_Callback) refers to stm32f1xx_hal_gpio.o(i.HAL_GPIO_ReadPin) for HAL_GPIO_ReadPin
    bspcsis.o(i.HAL_GPIO_EXTI_Callback) refers to bspcsis.o(i.bsp_OutAndInbound) for bsp_OutAndInbound
    bspcsis.o(i.HAL_GPIO_EXTI_Callback) refers to bspcsis.o(.bss) for .bss
    bspcsis.o(i.HAL_TIM_PeriodElapsedCallback) refers to stm32f1xx_hal_adc.o(i.HAL_ADC_Start) for HAL_ADC_Start
    bspcsis.o(i.HAL_TIM_PeriodElapsedCallback) refers to stm32f1xx_hal_adc.o(i.HAL_ADC_GetValue) for HAL_ADC_GetValue
    bspcsis.o(i.HAL_TIM_PeriodElapsedCallback) refers to ffltui.o(.text) for __aeabi_ui2f
    bspcsis.o(i.HAL_TIM_PeriodElapsedCallback) refers to bspcsis.o(i.bsp_PID_Control) for bsp_PID_Control
    bspcsis.o(i.HAL_TIM_PeriodElapsedCallback) refers to bspcsis.o(i.bsp_Motor_PwmSet) for bsp_Motor_PwmSet
    bspcsis.o(i.HAL_TIM_PeriodElapsedCallback) refers to tim.o(.bss) for htim3
    bspcsis.o(i.HAL_TIM_PeriodElapsedCallback) refers to adc.o(.bss) for hadc2
    bspcsis.o(i.HAL_TIM_PeriodElapsedCallback) refers to bspcsis.o(.bss) for .bss
    bspcsis.o(i.HAL_TIM_PeriodElapsedCallback) refers to bspcsis.o(.data) for .data
    bspcsis.o(i.bsp_ADCValue_PoorCmpAnd) refers to f2d.o(.text) for __aeabi_f2d
    bspcsis.o(i.bsp_ADCValue_PoorCmpAnd) refers to fadd.o(.text) for __aeabi_fsub
    bspcsis.o(i.bsp_ADCValue_PoorCmpAnd) refers to dmul.o(.text) for __aeabi_dmul
    bspcsis.o(i.bsp_ADCValue_PoorCmpAnd) refers to fmul.o(.text) for __aeabi_fmul
    bspcsis.o(i.bsp_ADCValue_PoorCmpAnd) refers to dadd.o(.text) for __aeabi_dadd
    bspcsis.o(i.bsp_ADCValue_PoorCmpAnd) refers to ddiv.o(.text) for __aeabi_ddiv
    bspcsis.o(i.bsp_ADCValue_PoorCmpAnd) refers to d2f.o(.text) for __aeabi_d2f
    bspcsis.o(i.bsp_ADCValue_PoorCmpAnd) refers to bspcsis.o(.bss) for .bss
    bspcsis.o(i.bsp_ADC_Operate) refers to bspcsis.o(i.bsp_ArBi_Filter) for bsp_ArBi_Filter
    bspcsis.o(i.bsp_ADC_Operate) refers to memcpya.o(.text) for __aeabi_memcpy4
    bspcsis.o(i.bsp_ADC_Operate) refers to bspcsis.o(i.bsp_ADCValue_PoorCmpAnd) for bsp_ADCValue_PoorCmpAnd
    bspcsis.o(i.bsp_ADC_Operate) refers to bspcsis.o(.bss) for .bss
    bspcsis.o(i.bsp_ArBi_Filter) refers to dfltui.o(.text) for __aeabi_ui2d
    bspcsis.o(i.bsp_ArBi_Filter) refers to dmul.o(.text) for __aeabi_dmul
    bspcsis.o(i.bsp_ArBi_Filter) refers to dadd.o(.text) for __aeabi_dadd
    bspcsis.o(i.bsp_ArBi_Filter) refers to d2f.o(.text) for __aeabi_d2f
    bspcsis.o(i.bsp_ArBi_Filter) refers to ffixui.o(.text) for __aeabi_f2uiz
    bspcsis.o(i.bsp_ArBi_Filter) refers to bspcsis.o(.bss) for .bss
    bspcsis.o(i.bsp_Cross) refers to ffltui.o(.text) for __aeabi_ui2f
[...]
    I2C_IsAcknowledgeFailed                  0x080039fd   Thumb Code    46  stm32f1xx_hal_i2c.o(i.I2C_IsAcknowledgeFailed)
    i.I2C_MasterReceive_BTF                  0x08003a2a   Section        0  stm32f1xx_hal_i2c.o(i.I2C_MasterReceive_BTF)
    I2C_MasterReceive_BTF                    0x08003a2b   Thumb Code   210  stm32f1xx_hal_i2c.o(i.I2C_MasterReceive_BTF)
    i.I2C_MasterReceive_RXNE                 0x08003afc   Section        0  stm32f1xx_hal_i2c.o(i.I2C_MasterReceive_RXNE)
    I2C_MasterReceive_RXNE                   0x08003afd   Thumb Code   228  stm32f1xx_hal_i2c.o(i.I2C_MasterReceive_RXNE)
    i.I2C_MasterTransmit_BTF                 0x08003be4   Section        0  stm32f1xx_hal_i2c.o(i.I2C_MasterTransmit_BTF)
    I2C_MasterTransmit_BTF                   0x08003be5   Thumb Code   130  stm32f1xx_hal_i2c.o(i.I2C_MasterTransmit_BTF)
    i.I2C_MasterTransmit_TXE                 0x08003c68   Section        0  stm32f1xx_hal_i2c.o(i.I2C_MasterTransmit_TXE)
    I2C_MasterTransmit_TXE                   0x08003c69   Thumb Code   182  stm32f1xx_hal_i2c.o(i.I2C_MasterTransmit_TXE)
    i.I2C_Master_ADDR                        0x08003d20   Section        0  stm32f1xx_hal_i2c.o(i.I2C_Master_ADDR)
    I2C_Master_ADDR                          0x08003d21   Thumb Code   340  stm32f1xx_hal_i2c.o(i.I2C_Master_ADDR)
    i.I2C_Master_SB                          0x08003e78   Section        0  stm32f1xx_hal_i2c.o(i.I2C_Master_SB)
    I2C_Master_SB                            0x08003e79   Thumb Code   140  stm32f1xx_hal_i2c.o(i.I2C_Master_SB)
    i.I2C_MemoryTransmit_TXE_BTF             0x08003f04   Section        0  stm32f1xx_hal_i2c.o(i.I2C_MemoryTransmit_TXE_BTF)
    I2C_MemoryTransmit_TXE_BTF               0x08003f05   Thumb Code   160  stm32f1xx_hal_i2c.o(i.I2C_MemoryTransmit_TXE_BTF)
    i.I2C_RequestMemoryWrite                 0x08003fa4   Section        0  stm32f1xx_hal_i2c.o(i.I2C_RequestMemoryWrite)
    I2C_RequestMemoryWrite                   0x08003fa5   Thumb Code   162  stm32f1xx_hal_i2c.o(i.I2C_RequestMemoryWrite)
    i.I2C_Slave_ADDR                         0x0800404c   Section        0  stm32f1xx_hal_i2c.o(i.I2C_Slave_ADDR)
    I2C_Slave_ADDR                           0x0800404d   Thumb Code    70  stm32f1xx_hal_i2c.o(i.I2C_Slave_ADDR)
    i.I2C_Slave_STOPF                        0x08004094   Section        0  stm32f1xx_hal_i2c.o(i.I2C_Slave_STOPF)
    I2C_Slave_STOPF                          0x08004095   Thumb Code   338  stm32f1xx_hal_i2c.o(i.I2C_Slave_STOPF)
    i.I2C_WaitOnBTFFlagUntilTimeout          0x080041f0   Section        0  stm32f1xx_hal_i2c.o(i.I2C_WaitOnBTFFlagUntilTimeout)
    I2C_WaitOnBTFFlagUntilTimeout            0x080041f1   Thumb Code    76  stm32f1xx_hal_i2c.o(i.I2C_WaitOnBTFFlagUntilTimeout)
    i.I2C_WaitOnFlagUntilTimeout             0x0800423c   Section        0  stm32f1xx_hal_i2c.o(i.I2C_WaitOnFlagUntilTimeout)
    I2C_WaitOnFlagUntilTimeout               0x0800423d   Thumb Code   104  stm32f1xx_hal_i2c.o(i.I2C_WaitOnFlagUntilTimeout)
    i.I2C_WaitOnMasterAddressFlagUntilTimeout 0x080042a4   Section        0  stm32f1xx_hal_i2c.o(i.I2C_WaitOnMasterAddressFlagUntilTimeout)
    I2C_WaitOnMasterAddressFlagUntilTimeout  0x080042a5   Thumb Code   150  stm32f1xx_hal_i2c.o(i.I2C_WaitOnMasterAddressFlagUntilTimeout)
    i.I2C_WaitOnTXEFlagUntilTimeout          0x0800433a   Section        0  stm32f1xx_hal_i2c.o(i.I2C_WaitOnTXEFlagUntilTimeout)
    I2C_WaitOnTXEFlagUntilTimeout            0x0800433b   Thumb Code    76  stm32f1xx_hal_i2c.o(i.I2C_WaitOnTXEFlagUntilTimeout)
    i.MX_ADC1_Init                           0x08004388   Section        0  adc.o(i.MX_ADC1_Init)
    i.MX_ADC2_Init                           0x08004428   Section        0  adc.o(i.MX_ADC2_Init)
    i.MX_DMA_Init                            0x08004478   Section        0  dma.o(i.MX_DMA_Init)
    i.MX_GPIO_Init                           0x080044b4   Section        0  gpio.o(i.MX_GPIO_Init)
    i.MX_I2C1_Init                           0x080045a8   Section        0  i2c.o(i.MX_I2C1_Init)
    i.MX_TIM1_Init                           0x080045e8   Section        0  tim.o(i.MX_TIM1_Init)
    i.MX_TIM2_Init                           0x080046c4   Section        0  tim.o(i.MX_TIM2_Init)
    i.MX_TIM3_Init                           0x0800475c   Section        0  tim.o(i.MX_TIM3_Init)
    i.MX_TIM4_Init                           0x080047c4   Section        0  tim.o(i.MX_TIM4_Init)
    i.MX_USART1_UART_Init                    0x0800482c   Section        0  usart.o(i.MX_USART1_UART_Init)
    i.MX_USART3_UART_Init                    0x08004878   Section        0  usart.o(i.MX_USART3_UART_Init)
    i.MemManage_Handler                      0x080048b0   Section        0  stm32f1xx_it.o(i.MemManage_Handler)
    i.NMI_Handler                            0x080048b2   Section        0  stm32f1xx_it.o(i.NMI_Handler)
    i.OLED_Clear                             0x080048b4   Section        0  oled.o(i.OLED_Clear)
    i.OLED_Init                              0x080048e8   Section        0  oled.o(i.OLED_Init)
    i.OLED_On                                0x080048f8   Section        0  oled.o(i.OLED_On)
    i.OLED_Set_Pos                           0x0800492c   Section        0  oled.o(i.OLED_Set_Pos)
    i.OLED_ShowChar                          0x08004950   Section        0  oled.o(i.OLED_ShowChar)
    i.OLED_ShowNum                           0x080049d8   Section        0  oled.o(i.OLED_ShowNum)
    i.OLED_ShowString                        0x08004a42   Section        0  oled.o(i.OLED_ShowString)
    i.OLED_ShowUnFloat                       0x08004a78   Section        0  oled.o(i.OLED_ShowUnFloat)
    i.OLED_WR_CMD                            0x08004b34   Section        0  oled.o(i.OLED_WR_CMD)
    i.OLED_WR_DATA                           0x08004b58   Section        0  oled.o(i.OLED_WR_DATA)
    i.PendSV_Handler                         0x08004b7c   Section        0  stm32f1xx_it.o(i.PendSV_Handler)
    i.SVC_Handler                            0x08004b7e   Section        0  stm32f1xx_it.o(i.SVC_Handler)
    i.SysTick_Handler                        0x08004b80   Section        0  stm32f1xx_it.o(i.SysTick_Handler)
    i.SystemClock_Config                     0x08004b84   Section        0  main.o(i.SystemClock_Config)
    i.SystemInit                             0x08004bfc   Section        0  system_stm32f1xx.o(i.SystemInit)
    i.TIM3_IRQHandler                        0x08004c00   Section        0  stm32f1xx_it.o(i.TIM3_IRQHandler)
    i.TIM4_IRQHandler                        0x08004c0c   Section        0  stm32f1xx_it.o(i.TIM4_IRQHandler)
    i.TIM_Base_SetConfig                     0x08004c18   Section        0  stm32f1xx_hal_tim.o(i.TIM_Base_SetConfig)
    i.TIM_CCxChannelCmd                      0x08004c84   Section        0  stm32f1xx_hal_tim.o(i.TIM_CCxChannelCmd)
    i.TIM_ETR_SetConfig                      0x08004c9e   Section        0  stm32f1xx_hal_tim.o(i.TIM_ETR_SetConfig)
    i.TIM_ITRx_SetConfig                     0x08004cb2   Section        0  stm32f1xx_hal_tim.o(i.TIM_ITRx_SetConfig)
    TIM_ITRx_SetConfig                       0x08004cb3   Thumb Code    16  stm32f1xx_hal_tim.o(i.TIM_ITRx_SetConfig)
    i.TIM_OC1_SetConfig                      0x08004cc4   Section        0  stm32f1xx_hal_tim.o(i.TIM_OC1_SetConfig)
    TIM_OC1_SetConfig                        0x08004cc5   Thumb Code    74  stm32f1xx_hal_tim.o(i.TIM_OC1_SetConfig)
    i.TIM_OC2_SetConfig                      0x08004d14   Section        0  stm32f1xx_hal_tim.o(i.TIM_OC2_SetConfig)
    i.TIM_OC3_SetConfig                      0x08004d6c   Section        0  stm32f1xx_hal_tim.o(i.TIM_OC3_SetConfig)
    TIM_OC3_SetConfig                        0x08004d6d   Thumb Code    82  stm32f1xx_hal_tim.o(i.TIM_OC3_SetConfig)
    i.TIM_OC4_SetConfig                      0x08004dc4   Section        0  stm32f1xx_hal_tim.o(i.TIM_OC4_SetConfig)
    TIM_OC4_SetConfig                        0x08004dc5   Thumb Code    64  stm32f1xx_hal_tim.o(i.TIM_OC4_SetConfig)
    i.TIM_TI1_ConfigInputStage               0x08004e08   Section        0  stm32f1xx_hal_tim.o(i.TIM_TI1_ConfigInputStage)
    TIM_TI1_ConfigInputStage                 0x08004e09   Thumb Code    34  stm32f1xx_hal_tim.o(i.TIM_TI1_ConfigInputStage)
    i.TIM_TI2_ConfigInputStage               0x08004e2a   Section        0  stm32f1xx_hal_tim.o(i.TIM_TI2_ConfigInputStage)
    TIM_TI2_ConfigInputStage                 0x08004e2b   Thumb Code    36  stm32f1xx_hal_tim.o(i.TIM_TI2_ConfigInputStage)
    i.UART_DMAAbortOnError                   0x08004e4e   Section        0  stm32f1xx_hal_uart.o(i.UART_DMAAbortOnError)
    UART_DMAAbortOnError                     0x08004e4f   Thumb Code    16  stm32f1xx_hal_uart.o(i.UART_DMAAbortOnError)
    i.UART_DMAError                          0x08004e5e   Section        0  stm32f1xx_hal_uart.o(i.UART_DMAError)
    UART_DMAError                            0x08004e5f   Thumb Code    74  stm32f1xx_hal_uart.o(i.UART_DMAError)
    i.UART_DMAReceiveCplt                    0x08004ea8   Section        0  stm32f1xx_hal_uart.o(i.UART_DMAReceiveCplt)
    UART_DMAReceiveCplt                      0x08004ea9   Thumb Code    90  stm32f1xx_hal_uart.o(i.UART_DMAReceiveCplt)
    i.UART_DMARxHalfCplt                     0x08004f02   Section        0  stm32f1xx_hal_uart.o(i.UART_DMARxHalfCplt)
    UART_DMARxHalfCplt                       0x08004f03   Thumb Code    26  stm32f1xx_hal_uart.o(i.UART_DMARxHalfCplt)
    i.UART_EndRxTransfer                     0x08004f1c   Section        0  stm32f1xx_hal_uart.o(i.UART_EndRxTransfer)
    UART_EndRxTransfer                       0x08004f1d   Thumb Code    48  stm32f1xx_hal_uart.o(i.UART_EndRxTransfer)
    i.UART_EndTxTransfer                     0x08004f4c   Section        0  stm32f1xx_hal_uart.o(i.UART_EndTxTransfer)
    UART_EndTxTransfer                       0x08004f4d   Thumb Code    18  stm32f1xx_hal_uart.o(i.UART_EndTxTransfer)
    i.UART_Receive_IT                        0x08004f5e   Section        0  stm32f1xx_hal_uart.o(i.UART_Receive_IT)
    UART_Receive_IT                          0x08004f5f   Thumb Code   182  stm32f1xx_hal_uart.o(i.UART_Receive_IT)
    i.UART_SetConfig                         0x08005014   Section        0  stm32f1xx_hal_uart.o(i.UART_SetConfig)
    UART_SetConfig                           0x08005015   Thumb Code   178  stm32f1xx_hal_uart.o(i.UART_SetConfig)
    i.UART_Start_Receive_DMA                 0x080050cc   Section        0  stm32f1xx_hal_uart.o(i.UART_Start_Receive_DMA)
    i.UART_WaitOnFlagUntilTimeout            0x0800513c   Section        0  stm32f1xx_hal_uart.o(i.UART_WaitOnFlagUntilTimeout)
    UART_WaitOnFlagUntilTimeout              0x0800513d   Thumb Code   100  stm32f1xx_hal_uart.o(i.UART_WaitOnFlagUntilTimeout)
    i.USART1_IRQHandler                      0x080051a0   Section        0  stm32f1xx_it.o(i.USART1_IRQHandler)
    i.UsageFault_Handler                     0x080051ec   Section        0  stm32f1xx_it.o(i.UsageFault_Handler)
    i.WriteCmd                               0x080051f0   Section        0  oled.o(i.WriteCmd)
    i.__0printf                              0x08005224   Section        0  printfa.o(i.__0printf)
    i.__NVIC_SetPriority                     0x08005244   Section        0  stm32f1xx_hal_cortex.o(i.__NVIC_SetPriority)
    __NVIC_SetPriority                       0x08005245   Thumb Code    32  stm32f1xx_hal_cortex.o(i.__NVIC_SetPriority)
    i.__scatterload_copy                     0x08005264   Section       14  handlers.o(i.__scatterload_copy)
    i.__scatterload_null                     0x08005272   Section        2  handlers.o(i.__scatterload_null)
    i.__scatterload_zeroinit                 0x08005274   Section       14  handlers.o(i.__scatterload_zeroinit)
    i._fp_digits                             0x08005284   Section        0  printfa.o(i._fp_digits)
    _fp_digits                               0x08005285   Thumb Code   366  printfa.o(i._fp_digits)
    i._is_digit                              0x08005408   Section        0  scanf_fp.o(i._is_digit)
    i._printf_core                           0x08005418   Section        0  printfa.o(i._printf_core)
    _printf_core                             0x08005419   Thumb Code  1704  printfa.o(i._printf_core)
    i._printf_post_padding                   0x08005acc   Section        0  printfa.o(i._printf_post_padding)
    _printf_post_padding                     0x08005acd   Thumb Code    36  printfa.o(i._printf_post_padding)
    i._printf_pre_padding                    0x08005af0   Section        0  printfa.o(i._printf_pre_padding)
    _printf_pre_padding                      0x08005af1   Thumb Code    46  printfa.o(i._printf_pre_padding)
    i.bsp_ADCValue_PoorCmpAnd                0x08005b20   Section        0  bspcsis.o(i.bsp_ADCValue_PoorCmpAnd)
    i.bsp_ADC_Operate                        0x08005bd0   Section        0  bspcsis.o(i.bsp_ADC_Operate)
    i.bsp_ArBi_Filter                        0x08005c70   Section        0  bspcsis.o(i.bsp_ArBi_Filter)
    i.bsp_Cross                              0x08005ccc   Section        0  bspcsis.o(i.bsp_Cross)
    i.bsp_CycleIn                            0x08005d38   Section        0  bspcsis.o(i.bsp_CycleIn)
    i.bsp_Emac_Operate                       0x08005d94   Section        0  bspcsis.o(i.bsp_Emac_Operate)
    i.bsp_GloableInit                        0x08005e08   Section        0  bspcsis.o(i.bsp_GloableInit)
    i.bsp_LED_FeedBack                       0x08005eb0   Section        0  bspcsis.o(i.bsp_LED_FeedBack)
    i.bsp_Motor_PwmSet                       0x08005ed8   Section        0  bspcsis.o(i.bsp_Motor_PwmSet)
    i.bsp_OLED_Display                       0x08005fa8   Section        0  bspcsis.o(i.bsp_OLED_Display)
    i.bsp_OutAndInbound                      0x08006140   Section        0  bspcsis.o(i.bsp_OutAndInbound)
    i.bsp_PCA_Init                           0x08006178   Section        0  bspcsis.o(i.bsp_PCA_Init)
    i.bsp_PID_Control                        0x080061a8   Section        0  bspcsis.o(i.bsp_PID_Control)
    i.bsp_PID_Core                           0x080061c8   Section        0  bspcsis.o(i.bsp_PID_Core)
    i.bsp_PID_Init                           0x080062b8   Section        0  bspcsis.o(i.bsp_PID_Init)
    i.bsp_SignJudge                          0x080062e8   Section        0  bspcsis.o(i.bsp_SignJudge)
    i.bsp_SteMot_PwmSet                      0x08006324   Section        0  bspcsis.o(i.bsp_SteMot_PwmSet)
    i.bsp_Usart_CallBack                     0x080063cc   Section        0  bspcsis.o(i.bsp_Usart_CallBack)
    i.bsp_Usart_Operate                      0x080066f0   Section        0  bspcsis.o(i.bsp_Usart_Operate)
    i.bsp_Usart_Receive                      0x0800700c   Section        0  bspcsis.o(i.bsp_Usart_Receive)
    i.bsp_Yshape                             0x08007054   Section        0  bspcsis.o(i.bsp_Yshape)
    i.fputc                                  0x080070c0   Section        0  bspcsis.o(i.fputc)
    i.main                                   0x080070d8   Section        0  main.o(i.main)
    i.oled_pow                               0x08007122   Section        0  oled.o(i.oled_pow)
    .constdata                               0x08007132   Section     2376  oled.o(.constdata)
    .constdata                               0x08007a7a   Section       16  system_stm32f1xx.o(.constdata)
    .constdata                               0x08007a8a   Section        8  system_stm32f1xx.o(.constdata)
    .constdata                               0x08007a92   Section       64  ctype_c.o(.constdata)
    .data                                    0x20000000   Section       64  bspcsis.o(.data)
    .data                                    0x20000040   Section       27  oled.o(.data)
    .data                                    0x2000005b   Section        1  usart.o(.data)
    .data                                    0x2000005c   Section        1  usart.o(.data)
    .data                                    0x20000060   Section       12  stm32f1xx_hal.o(.data)
    .data                                    0x2000006c   Section        4  system_stm32f1xx.o(.data)
    .data                                    0x20000070   Section        4  stdout.o(.data)
    .bss                                     0x20000074   Section      188  bspcsis.o(.bss)
    ArBi_lastValue                           0x20000086   Data          10  bspcsis.o(.bss)
    .bss                                     0x20000130   Section      164  adc.o(.bss)
    .bss                                     0x200001d4   Section       84  i2c.o(.bss)
    .bss                                     0x20000228   Section      288  tim.o(.bss)
    .bss                                     0x20000348   Section      404  usart.o(.bss)
    STACK                                    0x200004e0   Section     1024  startup_stm32f103xb.o(STACK)

    Global Symbols

    Symbol Name                              Value     Ov Type        Size  Object(Section)

    BuildAttributes$$THM_ISAv4$P$D$K$B$S$PE$A:L22UL41UL21$X:L11$S22US41US21$IEEE1$IW$USESV6$~STKCKD$USESV7$~SHL$OTIME$ROPI$EBA8$MICROLIB$REQ8$PRES8$EABIv2 0x00000000   Number         0  anon$$obj.o ABSOLUTE
    __ARM_use_no_argv                        0x00000000   Number         0  main.o ABSOLUTE
    _printf_a                                0x00000000   Number         0  stubs.o ABSOLUTE
    _printf_c                                0x00000000   Number         0  stubs.o ABSOLUTE
    _printf_charcount                        0x00000000   Number         0  stubs.o ABSOLUTE
    _printf_d                                0x00000000   Number         0  stubs.o ABSOLUTE
    _printf_e                                0x00000000   Number         0  stubs.o ABSOLUTE
    _printf_f                                0x00000000   Number         0  stubs.o ABSOLUTE
    _printf_flags                            0x00000000   Number         0  stubs.o ABSOLUTE
    _printf_fp_dec                           0x00000000   Number         0  stubs.o ABSOLUTE
    _printf_fp_hex                           0x00000000   Number         0  stubs.o ABSOLUTE
    _printf_g                                0x00000000   Number         0  stubs.o ABSOLUTE
    _printf_i                                0x00000000   Number         0  stubs.o ABSOLUTE
    _printf_int_dec                          0x00000000   Number         0  stubs.o ABSOLUTE
    _printf_l                                0x00000000   Number         0  stubs.o ABSOLUTE
    _printf_lc                               0x00000000   Number         0  stubs.o ABSOLUTE
    _printf_ll                               0x00000000   Number         0  stubs.o ABSOLUTE
    _printf_lld                              0x00000000   Number         0  stubs.o ABSOLUTE
    _printf_lli                              0x00000000   Number         0  stubs.o ABSOLUTE
    _printf_llo                              0x00000000   Number         0  stubs.o ABSOLUTE
    _printf_llu                              0x00000000   Number         0  stubs.o ABSOLUTE
    _printf_llx                              0x00000000   Number         0  stubs.o ABSOLUTE
    _printf_longlong_dec                     0x00000000   Number         0  stubs.o ABSOLUTE
    _printf_longlong_hex                     0x00000000   Number         0  stubs.o ABSOLUTE
    _printf_longlong_oct                     0x00000000   Number         0  stubs.o ABSOLUTE
    _printf_ls                               0x00000000   Number         0  stubs.o ABSOLUTE
    _printf_mbtowc                           0x00000000   Number         0  stubs.o ABSOLUTE
    _printf_n                                0x00000000   Number         0  stubs.o ABSOLUTE
    _printf_o                                0x00000000   Number         0  stubs.o ABSOLUTE
    _printf_p                                0x00000000   Number         0  stubs.o ABSOLUTE
    _printf_percent                          0x00000000   Number         0  stubs.o ABSOLUTE
    _printf_pre_padding                      0x00000000   Number         0  stubs.o ABSOLUTE
    _printf_return_value                     0x00000000   Number         0  stubs.o ABSOLUTE
    _printf_s                                0x00000000   Number         0  stubs.o ABSOLUTE
    _printf_sizespec                         0x00000000   Number         0  stubs.o ABSOLUTE
    _printf_str                              0x00000000   Number         0  stubs.o ABSOLUTE
    _printf_truncate_signed                  0x00000000   Number         0  stubs.o ABSOLUTE
    _printf_truncate_unsigned                0x00000000   Number         0  stubs.o ABSOLUTE
    _printf_u                                0x00000000   Number         0  stubs.o ABSOLUTE
    _printf_wc                               0x00000000   Number         0  stubs.o ABSOLUTE
    _printf_wctomb                           0x00000000   Number         0  stubs.o ABSOLUTE
    _printf_widthprec                        0x00000000   Number         0  stubs.o ABSOLUTE
    _printf_x                                0x00000000   Number         0  stubs.o ABSOLUTE
    __arm_fini_                               - Undefined Weak Reference
    __cpp_initialize__aeabi_                  - Undefined Weak Reference
    __cxa_finalize                            - Undefined Weak Reference
    __decompress                              - Undefined Weak Reference
    _clock_init                               - Undefined Weak Reference
    _microlib_exit                            - Undefined Weak Reference
    _scanf_int                                - Undefined Weak Reference
    _scanf_longlong                           - Undefined Weak Reference
    _scanf_string                             - Undefined Weak Reference
    __Vectors_Size                           0x000000ec   Number         0  startup_stm32f103xb.o ABSOLUTE
    __Vectors                                0x08000000   Data           4  startup_stm32f103xb.o(RESET)
    __Vectors_End                            0x080000ec   Data           0  startup_stm32f103xb.o(RESET)
    __main                                   0x080000ed   Thumb Code     0  entry.o(.ARM.Collect$$$$00000000)
    _main_stk                                0x080000ed   Thumb Code     0  entry2.o(.ARM.Collect$$$$00000001)
    _main_scatterload                        0x080000f1   Thumb Code     0  entry5.o(.ARM.Collect$$$$00000004)
    __main_after_scatterload                 0x080000f5   Thumb Code     0  entry5.o(.ARM.Collect$$$$00000004)
    _main_clock                              0x080000f5   Thumb Code     0  entry7b.o(.ARM.Collect$$$$00000008)
    _main_cpp_init                           0x080000f5   Thumb Code     0  entry8b.o(.ARM.Collect$$$$0000000A)
    _main_init                               0x080000f5   Thumb Code     0  entry9a.o(.ARM.Collect$$$$0000000B)
    __rt_lib_shutdown_fini                   0x080000fd   Thumb Code     0  entry12b.o(.ARM.Collect$$$$0000000E)
    __rt_final_cpp                           0x08000101   Thumb Code     0  entry10a.o(.ARM.Collect$$$$0000000F)
    __rt_final_exit                          0x08000101   Thumb Code     0  entry11a.o(.ARM.Collect$$$$00000011)
    Reset_Handler                            0x08000105   Thumb Code     8  startup_stm32f103xb.o(.text)
    CAN1_RX1_IRQHandler                      0x0800011f   Thumb Code     0  startup_stm32f103xb.o(.text)
    CAN1_SCE_IRQHandler                      0x0800011f   Thumb Code     0  startup_stm32f103xb.o(.text)
    DMA1_Channel2_IRQHandler                 0x0800011f   Thumb Code     0  startup_stm32f103xb.o(.text)
    DMA1_Channel3_IRQHandler                 0x0800011f   Thumb Code     0  startup_stm32f103xb.o(.text)
    DMA1_Channel4_IRQHandler                 0x0800011f   Thumb Code     0  startup_stm32f103xb.o(.text)
    DMA1_Channel6_IRQHandler                 0x0800011f   Thumb Code     0  startup_stm32f103xb.o(.text)
    DMA1_Channel7_IRQHandler                 0x0800011f   Thumb Code     0  startup_stm32f103xb.o(.text)
    EXTI15_10_IRQHandler                     0x0800011f   Thumb Code     0  startup_stm32f103xb.o(.text)
    EXTI2_IRQHandler                         0x0800011f   Thumb Code     0  startup_stm32f103xb.o(.text)
    EXTI3_IRQHandler                         0x0800011f   Thumb Code     0  startup_stm32f103xb.o(.text)
    EXTI4_IRQHandler                         0x0800011f   Thumb Code     0  startup_stm32f103xb.o(.text)
    EXTI9_5_IRQHandler                       0x0800011f   Thumb Code     0  startup_stm32f103xb.o(.text)
    FLASH_IRQHandler                         0x0800011f   Thumb Code     0  startup_stm32f103xb.o(.text)
    I2C1_ER_IRQHandler                       0x0800011f   Thumb Code     0  startup_stm32f103xb.o(.text)
    I2C2_ER_IRQHandler                       0x0800011f   Thumb Code     0  startup_stm32f103xb.o(.text)
    I2C2_EV_IRQHandler                       0x0800011f   Thumb Code     0  startup_stm32f103xb.o(.text)
    PVD_IRQHandler                           0x0800011f   Thumb Code     0  startup_stm32f103xb.o(.text)
    RCC_IRQHandler                           0x0800011f   Thumb Code     0  startup_stm32f103xb.o(.text)
    RTC_Alarm_IRQHandler                     0x0800011f   Thumb Code     0  startup_stm32f103xb.o(.text)
    RTC_IRQHandler                           0x0800011f   Thumb Code     0  startup_stm32f103xb.o(.text)
    SPI1_IRQHandler                          0x0800011f   Thumb Code     0  startup_stm32f103xb.o(.text)
    SPI2_IRQHandler                          0x0800011f   Thumb Code     0  startup_stm32f103xb.o(.text)
    TAMPER_IRQHandler                        0x0800011f   Thumb Code     0  startup_stm32f103xb.o(.text)
    TIM1_BRK_IRQHandler                      0x0800011f   Thumb Code     0  startup_stm32f103xb.o(.text)
    TIM1_CC_IRQHandler                       0x0800011f   Thumb Code     0  startup_stm32f103xb.o(.text)
    TIM1_TRG_COM_IRQHandler                  0x0800011f   Thumb Code     0  startup_stm32f103xb.o(.text)
    TIM1_UP_IRQHandler                       0x0800011f   Thumb Code     0  startup_stm32f103xb.o(.text)
    TIM2_IRQHandler                          0x0800011f   Thumb Code     0  startup_stm32f103xb.o(.text)
    USART2_IRQHandler                        0x0800011f   Thumb Code     0  startup_stm32f103xb.o(.text)
    USART3_IRQHandler                        0x0800011f   Thumb Code     0  startup_stm32f103xb.o(.text)
    USBWakeUp_IRQHandler                     0x0800011f   Thumb Code     0  startup_stm32f103xb.o(.text)
    USB_HP_CAN1_TX_IRQHandler                0x0800011f   Thumb Code     0  startup_stm32f103xb.o(.text)
    USB_LP_CAN1_RX0_IRQHandler               0x0800011f   Thumb Code     0  startup_stm32f103xb.o(.text)
    WWDG_IRQHandler                          0x0800011f   Thumb Code     0  startup_stm32f103xb.o(.text)
    __aeabi_llsr                             0x08000129   Thumb Code    32  llushr.o(.text)
    _ll_ushift_r                             0x08000129   Thumb Code     0  llushr.o(.text)
    __aeabi_memcpy                           0x08000149   Thumb Code    36  memcpya.o(.text)
    __aeabi_memcpy4                          0x08000149   Thumb Code     0  memcpya.o(.text)
    __aeabi_memcpy8                          0x08000149   Thumb Code     0  memcpya.o(.text)
    __aeabi_memset                           0x0800016d   Thumb Code    14  memseta.o(.text)
    __aeabi_memset4                          0x0800016d   Thumb Code     0  memseta.o(.text)
    __aeabi_memset8                          0x0800016d   Thumb Code     0  memseta.o(.text)
    __aeabi_memclr                           0x0800017b   Thumb Code     4  memseta.o(.text)
    __aeabi_memclr4                          0x0800017b   Thumb Code     0  memseta.o(.text)
    __aeabi_memclr8                          0x0800017b   Thumb Code     0  memseta.o(.text)
    _memset$wrapper                          0x0800017f   Thumb Code    18  memseta.o(.text)
    __0sscanf                                0x08000191   Thumb Code    48  __0sscanf.o(.text)
    _scanf_real                              0x080002f1   Thumb Code     0  scanf_fp.o(.text)
    _scanf_really_real                       0x080002f1   Thumb Code   556  scanf_fp.o(.text)
    __aeabi_fadd                             0x08000529   Thumb Code   164  fadd.o(.text)
    __aeabi_fsub                             0x080005cd   Thumb Code     6  fadd.o(.text)
    __aeabi_frsub                            0x080005d3   Thumb Code     6  fadd.o(.text)
    __aeabi_fmul                             0x080005d9   Thumb Code   100  fmul.o(.text)
    __aeabi_fdiv                             0x0800063d   Thumb Code   124  fdiv.o(.text)
    __aeabi_dadd                             0x080006b9   Thumb Code   322  dadd.o(.text)
    __aeabi_dsub                             0x080007fb   Thumb Code     6  dadd.o(.text)
    __aeabi_drsub                            0x08000801   Thumb Code     6  dadd.o(.text)
    __aeabi_dmul                             0x08000807   Thumb Code   228  dmul.o(.text)
    __aeabi_ddiv                             0x080008eb   Thumb Code   222  ddiv.o(.text)
    __aeabi_i2f                              0x080009c9   Thumb Code    18  fflti.o(.text)
    __aeabi_ui2f                             0x080009db   Thumb Code    10  ffltui.o(.text)
    __aeabi_ui2d                             0x080009e5   Thumb Code    26  dfltui.o(.text)
    __aeabi_f2iz                             0x080009ff   Thumb Code    50  ffixi.o(.text)
    __aeabi_f2uiz                            0x08000a31   Thumb Code    40  ffixui.o(.text)
    __aeabi_d2iz                             0x08000a59   Thumb Code    62  dfixi.o(.text)
    __aeabi_f2d                              0x08000a97   Thumb Code    38  f2d.o(.text)
    __aeabi_d2f                              0x08000abd   Thumb Code    56  d2f.o(.text)
    __aeabi_cfcmpeq                          0x08000af5   Thumb Code     0  cfcmple.o(.text)
    __aeabi_cfcmple                          0x08000af5   Thumb Code    20  cfcmple.o(.text)
    __aeabi_cfrcmple                         0x08000b09   Thumb Code    20  cfrcmple.o(.text)
    __aeabi_uidiv                            0x08000b1d   Thumb Code     0  uidiv.o(.text)
    __aeabi_uidivmod                         0x08000b1d   Thumb Code    44  uidiv.o(.text)
    __aeabi_uldivmod                         0x08000b49   Thumb Code    98  uldiv.o(.text)
    __aeabi_llsl                             0x08000bab   Thumb Code    30  llshl.o(.text)
    _ll_shift_l                              0x08000bab   Thumb Code     0  llshl.o(.text)
    __aeabi_lasr                             0x08000bc9   Thumb Code    36  llsshr.o(.text)
    _ll_sshift_r                             0x08000bc9   Thumb Code     0  llsshr.o(.text)
    __vfscanf_char                           0x08000bf9   Thumb Code    20  scanf_char.o(.text)
    _sgetc                                   0x08000c15   Thumb Code    30  _sgetc.o(.text)
    _sbackspace                              0x08000c33   Thumb Code    34  _sgetc.o(.text)
    __I$use$fp                               0x08000c55   Thumb Code     0  iusefp.o(.text)
    _float_round                             0x08000c55   Thumb Code    18  fepilogue.o(.text)
    _float_epilogue                          0x08000c67   Thumb Code    92  fepilogue.o(.text)
    _double_round                            0x08000cc3   Thumb Code    30  depilogue.o(.text)
    _double_epilogue                         0x08000ce1   Thumb Code   156  depilogue.o(.text)
    __aeabi_ul2d                             0x08000d7d   Thumb Code    24  dfltul.o(.text)
    __aeabi_d2ulz                            0x08000d95   Thumb Code    48  dfixul.o(.text)
    __aeabi_cdrcmple                         0x08000dc5   Thumb Code    48  cdrcmple.o(.text)
    __scatterload                            0x08000df5   Thumb Code    28  init.o(.text)
    __scatterload_rt2                        0x08000df5   Thumb Code     0  init.o(.text)
    isspace                                  0x08000e19   Thumb Code    10  isspace_c.o(.text)
    __vfscanf                                0x08000e25   Thumb Code   810  _scanf.o(.text)
    __ctype_lookup                           0x08001155   Thumb Code    34  ctype_c.o(.text)
    ADC1_2_IRQHandler                        0x0800117d   Thumb Code    18  stm32f1xx_it.o(i.ADC1_2_IRQHandler)
    ADC_ConversionStop_Disable               0x08001199   Thumb Code    86  stm32f1xx_hal_adc.o(i.ADC_ConversionStop_Disable)
    ADC_DMAConvCplt                          0x080011ef   Thumb Code    78  stm32f1xx_hal_adc.o(i.ADC_DMAConvCplt)
    ADC_DMAError                             0x0800123d   Thumb Code    26  stm32f1xx_hal_adc.o(i.ADC_DMAError)
    ADC_DMAHalfConvCplt                      0x08001257   Thumb Code    10  stm32f1xx_hal_adc.o(i.ADC_DMAHalfConvCplt)
    ADC_Enable                               0x08001261   Thumb Code   114  stm32f1xx_hal_adc.o(i.ADC_Enable)
    BusFault_Handler                         0x080012dd   Thumb Code     2  stm32f1xx_it.o(i.BusFault_Handler)
    DMA1_Channel1_IRQHandler                 0x080012e1   Thumb Code     6  stm32f1xx_it.o(i.DMA1_Channel1_IRQHandler)
    DMA1_Channel5_IRQHandler                 0x080012ed   Thumb Code     6  stm32f1xx_it.o(i.DMA1_Channel5_IRQHandler)
    DebugMon_Handler                         0x08001323   Thumb Code     2  stm32f1xx_it.o(i.DebugMon_Handler)
    EXTI0_IRQHandler                         0x08001325   Thumb Code     6  stm32f1xx_it.o(i.EXTI0_IRQHandler)
    EXTI1_IRQHandler                         0x0800132b   Thumb Code     6  stm32f1xx_it.o(i.EXTI1_IRQHandler)
    Error_Handler                            0x08001331   Thumb Code     4  main.o(i.Error_Handler)
    HAL_ADCEx_InjectedConvCpltCallback       0x08001335   Thumb Code     2  stm32f1xx_hal_adc_ex.o(i.HAL_ADCEx_InjectedConvCpltCallback)
    HAL_ADC_ConfigChannel                    0x08001339   Thumb Code   240  stm32f1xx_hal_adc.o(i.HAL_ADC_ConfigChannel)
    HAL_ADC_ConvCpltCallback                 0x08001435   Thumb Code     2  stm32f1xx_hal_adc.o(i.HAL_ADC_ConvCpltCallback)
    HAL_ADC_ConvHalfCpltCallback             0x08001437   Thumb Code     2  stm32f1xx_hal_adc.o(i.HAL_ADC_ConvHalfCpltCallback)
    HAL_ADC_ErrorCallback                    0x08001439   Thumb Code     2  stm32f1xx_hal_adc.o(i.HAL_ADC_ErrorCallback)
    HAL_ADC_GetValue                         0x0800143b   Thumb Code     6  stm32f1xx_hal_adc.o(i.HAL_ADC_GetValue)
    HAL_ADC_IRQHandler                       0x08001441   Thumb Code   230  stm32f1xx_hal_adc.o(i.HAL_ADC_IRQHandler)
    HAL_ADC_Init                             0x08001529   Thumb Code   272  stm32f1xx_hal_adc.o(i.HAL_ADC_Init)
    HAL_ADC_LevelOutOfWindowCallback         0x08001645   Thumb Code     2  stm32f1xx_hal_adc.o(i.HAL_ADC_LevelOutOfWindowCallback)
    HAL_ADC_MspInit                          0x08001649   Thumb Code   192  adc.o(i.HAL_ADC_MspInit)
    HAL_ADC_Start                            0x08001721   Thumb Code   184  stm32f1xx_hal_adc.o(i.HAL_ADC_Start)
    HAL_ADC_Start_DMA                        0x080017e1   Thumb Code   246  stm32f1xx_hal_adc.o(i.HAL_ADC_Start_DMA)
    HAL_DMA_Abort                            0x080018ed   Thumb Code    70  stm32f1xx_hal_dma.o(i.HAL_DMA_Abort)
    HAL_DMA_Abort_IT                         0x08001935   Thumb Code   148  stm32f1xx_hal_dma.o(i.HAL_DMA_Abort_IT)
    HAL_DMA_GetState                         0x080019cd   Thumb Code     6  stm32f1xx_hal_dma.o(i.HAL_DMA_GetState)
    HAL_DMA_IRQHandler                       0x080019d5   Thumb Code   316  stm32f1xx_hal_dma.o(i.HAL_DMA_IRQHandler)
    HAL_DMA_Init                             0x08001b29   Thumb Code    84  stm32f1xx_hal_dma.o(i.HAL_DMA_Init)
    HAL_DMA_Start_IT                         0x08001b85   Thumb Code   112  stm32f1xx_hal_dma.o(i.HAL_DMA_Start_IT)
    HAL_Delay                                0x08001bf5   Thumb Code    32  stm32f1xx_hal.o(i.HAL_Delay)
    HAL_GPIO_EXTI_Callback                   0x08001c19   Thumb Code    78  bspcsis.o(i.HAL_GPIO_EXTI_Callback)
    HAL_GPIO_EXTI_IRQHandler                 0x08001c71   Thumb Code    18  stm32f1xx_hal_gpio.o(i.HAL_GPIO_EXTI_IRQHandler)
    HAL_GPIO_Init                            0x08001c89   Thumb Code   446  stm32f1xx_hal_gpio.o(i.HAL_GPIO_Init)
    HAL_GPIO_ReadPin                         0x08001e69   Thumb Code    10  stm32f1xx_hal_gpio.o(i.HAL_GPIO_ReadPin)
    HAL_GPIO_TogglePin                       0x08001e73   Thumb Code    16  stm32f1xx_hal_gpio.o(i.HAL_GPIO_TogglePin)
    HAL_GPIO_WritePin                        0x08001e83   Thumb Code    10  stm32f1xx_hal_gpio.o(i.HAL_GPIO_WritePin)
    HAL_GetTick                              0x08001e8d   Thumb Code     6  stm32f1xx_hal.o(i.HAL_GetTick)
    HAL_I2C_AbortCpltCallback                0x08001e99   Thumb Code     2  stm32f1xx_hal_i2c.o(i.HAL_I2C_AbortCpltCallback)
    HAL_I2C_AddrCallback                     0x08001e9b   Thumb Code     2  stm32f1xx_hal_i2c.o(i.HAL_I2C_AddrCallback)
    HAL_I2C_EV_IRQHandler                    0x08001e9d   Thumb Code   560  stm32f1xx_hal_i2c.o(i.HAL_I2C_EV_IRQHandler)
    HAL_I2C_ErrorCallback                    0x080020cd   Thumb Code     2  stm32f1xx_hal_i2c.o(i.HAL_I2C_ErrorCallback)
    HAL_I2C_Init                             0x080020d1   Thumb Code   376  stm32f1xx_hal_i2c.o(i.HAL_I2C_Init)
    HAL_I2C_ListenCpltCallback               0x08002259   Thumb Code     2  stm32f1xx_hal_i2c.o(i.HAL_I2C_ListenCpltCallback)
    HAL_I2C_MasterRxCpltCallback             0x0800225b   Thumb Code     2  stm32f1xx_hal_i2c.o(i.HAL_I2C_MasterRxCpltCallback)
    HAL_I2C_MasterTxCpltCallback             0x0800225d   Thumb Code     2  stm32f1xx_hal_i2c.o(i.HAL_I2C_MasterTxCpltCallback)
    HAL_I2C_MemRxCpltCallback                0x0800225f   Thumb Code     2  stm32f1xx_hal_i2c.o(i.HAL_I2C_MemRxCpltCallback)
    HAL_I2C_MemTxCpltCallback                0x08002261   Thumb Code     2  stm32f1xx_hal_i2c.o(i.HAL_I2C_MemTxCpltCallback)
    HAL_I2C_Mem_Write                        0x08002265   Thumb Code   294  stm32f1xx_hal_i2c.o(i.HAL_I2C_Mem_Write)
    HAL_I2C_MspInit                          0x08002395   Thumb Code   112  i2c.o(i.HAL_I2C_MspInit)
    HAL_I2C_SlaveRxCpltCallback              0x08002415   Thumb Code     2  stm32f1xx_hal_i2c.o(i.HAL_I2C_SlaveRxCpltCallback)
    HAL_I2C_SlaveTxCpltCallback              0x08002417   Thumb Code     2  stm32f1xx_hal_i2c.o(i.HAL_I2C_SlaveTxCpltCallback)
    HAL_IncTick                              0x08002419   Thumb Code    12  stm32f1xx_hal.o(i.HAL_IncTick)
    HAL_Init                                 0x08002429   Thumb Code    32  stm32f1xx_hal.o(i.HAL_Init)
    HAL_InitTick                             0x0800244d   Thumb Code    54  stm32f1xx_hal.o(i.HAL_InitTick)
    HAL_MspInit                              0x0800248d   Thumb Code    52  stm32f1xx_hal_msp.o(i.HAL_MspInit)
    HAL_NVIC_EnableIRQ                       0x080024c9   Thumb Code    26  stm32f1xx_hal_cortex.o(i.HAL_NVIC_EnableIRQ)
    HAL_NVIC_SetPriority                     0x080024e5   Thumb Code    60  stm32f1xx_hal_cortex.o(i.HAL_NVIC_SetPriority)
    HAL_NVIC_SetPriorityGrouping             0x08002525   Thumb Code    26  stm32f1xx_hal_cortex.o(i.HAL_NVIC_SetPriorityGrouping)
    HAL_RCCEx_PeriphCLKConfig                0x08002549   Thumb Code   224  stm32f1xx_hal_rcc_ex.o(i.HAL_RCCEx_PeriphCLKConfig)
    HAL_RCC_ClockConfig                      0x08002635   Thumb Code   280  stm32f1xx_hal_rcc.o(i.HAL_RCC_ClockConfig)
    HAL_RCC_GetPCLK1Freq                     0x08002761   Thumb Code    20  stm32f1xx_hal_rcc.o(i.HAL_RCC_GetPCLK1Freq)
    HAL_RCC_GetPCLK2Freq                     0x08002781   Thumb Code    20  stm32f1xx_hal_rcc.o(i.HAL_RCC_GetPCLK2Freq)
    HAL_RCC_GetSysClockFreq                  0x080027a1   Thumb Code    74  stm32f1xx_hal_rcc.o(i.HAL_RCC_GetSysClockFreq)
    HAL_RCC_OscConfig                        0x0800280d   Thumb Code   778  stm32f1xx_hal_rcc.o(i.HAL_RCC_OscConfig)
    HAL_SYSTICK_Config                       0x08002b2d   Thumb Code    40  stm32f1xx_hal_cortex.o(i.HAL_SYSTICK_Config)
    HAL_TIMEx_BreakCallback                  0x08002b55   Thumb Code     2  stm32f1xx_hal_tim_ex.o(i.HAL_TIMEx_BreakCallback)
    HAL_TIMEx_CommutCallback                 0x08002b57   Thumb Code     2  stm32f1xx_hal_tim_ex.o(i.HAL_TIMEx_CommutCallback)
    HAL_TIMEx_ConfigBreakDeadTime            0x08002b59   Thumb Code    84  stm32f1xx_hal_tim_ex.o(i.HAL_TIMEx_ConfigBreakDeadTime)
    HAL_TIMEx_MasterConfigSynchronization    0x08002bad   Thumb Code    92  stm32f1xx_hal_tim_ex.o(i.HAL_TIMEx_MasterConfigSynchronization)
    HAL_TIM_Base_Init                        0x08002c15   Thumb Code    90  stm32f1xx_hal_tim.o(i.HAL_TIM_Base_Init)
    HAL_TIM_Base_MspInit                     0x08002c71   Thumb Code   130  tim.o(i.HAL_TIM_Base_MspInit)
    HAL_TIM_Base_Start                       0x08002d05   Thumb Code    66  stm32f1xx_hal_tim.o(i.HAL_TIM_Base_Start)
    HAL_TIM_Base_Start_IT                    0x08002d55   Thumb Code    76  stm32f1xx_hal_tim.o(i.HAL_TIM_Base_Start_IT)
    HAL_TIM_ConfigClockSource                0x08002dad   Thumb Code   214  stm32f1xx_hal_tim.o(i.HAL_TIM_ConfigClockSource)
    HAL_TIM_IC_CaptureCallback               0x08002e83   Thumb Code     2  stm32f1xx_hal_tim.o(i.HAL_TIM_IC_CaptureCallback)
    HAL_TIM_IRQHandler                       0x08002e85   Thumb Code   358  stm32f1xx_hal_tim.o(i.HAL_TIM_IRQHandler)
    HAL_TIM_MspPostInit                      0x08002fed   Thumb Code   122  tim.o(i.HAL_TIM_MspPostInit)
    HAL_TIM_OC_DelayElapsedCallback          0x08003079   Thumb Code     2  stm32f1xx_hal_tim.o(i.HAL_TIM_OC_DelayElapsedCallback)
    HAL_TIM_PWM_ConfigChannel                0x0800307b   Thumb Code   198  stm32f1xx_hal_tim.o(i.HAL_TIM_PWM_ConfigChannel)
    HAL_TIM_PWM_Init                         0x08003141   Thumb Code    90  stm32f1xx_hal_tim.o(i.HAL_TIM_PWM_Init)
    HAL_TIM_PWM_MspInit                      0x0800319b   Thumb Code     2  stm32f1xx_hal_tim.o(i.HAL_TIM_PWM_MspInit)
    HAL_TIM_PWM_PulseFinishedCallback        0x0800319d   Thumb Code     2  stm32f1xx_hal_tim.o(i.HAL_TIM_PWM_PulseFinishedCallback)
    HAL_TIM_PWM_Start                        0x080031a1   Thumb Code   144  stm32f1xx_hal_tim.o(i.HAL_TIM_PWM_Start)
    HAL_TIM_PeriodElapsedCallback            0x0800323d   Thumb Code   198  bspcsis.o(i.HAL_TIM_PeriodElapsedCallback)
    HAL_TIM_TriggerCallback                  0x08003319   Thumb Code     2  stm32f1xx_hal_tim.o(i.HAL_TIM_TriggerCallback)
    HAL_UARTEx_RxEventCallback               0x0800331b   Thumb Code     2  stm32f1xx_hal_uart.o(i.HAL_UARTEx_RxEventCallback)
    HAL_UART_DMAStop                         0x0800331d   Thumb Code    88  stm32f1xx_hal_uart.o(i.HAL_UART_DMAStop)
    HAL_UART_ErrorCallback                   0x08003375   Thumb Code     2  stm32f1xx_hal_uart.o(i.HAL_UART_ErrorCallback)
    HAL_UART_IRQHandler                      0x08003379   Thumb Code   520  stm32f1xx_hal_uart.o(i.HAL_UART_IRQHandler)
    HAL_UART_Init                            0x08003585   Thumb Code    98  stm32f1xx_hal_uart.o(i.HAL_UART_Init)
    HAL_UART_MspInit                         0x080035e9   Thumb Code   238  usart.o(i.HAL_UART_MspInit)
    HAL_UART_Receive_DMA                     0x080036f5   Thumb Code    42  stm32f1xx_hal_uart.o(i.HAL_UART_Receive_DMA)
    HAL_UART_RxCpltCallback                  0x0800371f   Thumb Code     2  stm32f1xx_hal_uart.o(i.HAL_UART_RxCpltCallback)
    HAL_UART_RxHalfCpltCallback              0x08003721   Thumb Code     2  stm32f1xx_hal_uart.o(i.HAL_UART_RxHalfCpltCallback)
    HAL_UART_Transmit                        0x08003725   Thumb Code   178  stm32f1xx_hal_uart.o(i.HAL_UART_Transmit)
    HAL_UART_TxCpltCallback                  0x080037d7   Thumb Code     2  stm32f1xx_hal_uart.o(i.HAL_UART_TxCpltCallback)
    HardFault_Handler                        0x080037d9   Thumb Code     2  stm32f1xx_it.o(i.HardFault_Handler)
    I2C1_EV_IRQHandler                       0x080037dd   Thumb Code     6  stm32f1xx_it.o(i.I2C1_EV_IRQHandler)
    MX_ADC1_Init                             0x08004389   Thumb Code   152  adc.o(i.MX_ADC1_Init)
    MX_ADC2_Init                             0x08004429   Thumb Code    70  adc.o(i.MX_ADC2_Init)
    MX_DMA_Init                              0x08004479   Thumb Code    56  dma.o(i.MX_DMA_Init)
    MX_GPIO_Init                             0x080044b5   Thumb Code   222  gpio.o(i.MX_GPIO_Init)
    MX_I2C1_Init                             0x080045a9   Thumb Code    50  i2c.o(i.MX_I2C1_Init)
    MX_TIM1_Init                             0x080045e9   Thumb Code   212  tim.o(i.MX_TIM1_Init)
    MX_TIM2_Init                             0x080046c5   Thumb Code   148  tim.o(i.MX_TIM2_Init)
    MX_TIM3_Init                             0x0800475d   Thumb Code    96  tim.o(i.MX_TIM3_Init)
    MX_TIM4_Init                             0x080047c5   Thumb Code    94  tim.o(i.MX_TIM4_Init)
    MX_USART1_UART_Init                      0x0800482d   Thumb Code    68  usart.o(i.MX_USART1_UART_Init)
    MX_USART3_UART_Init                      0x08004879   Thumb Code    48  usart.o(i.MX_USART3_UART_Init)
    MemManage_Handler                        0x080048b1   Thumb Code     2  stm32f1xx_it.o(i.MemManage_Handler)
    NMI_Handler                              0x080048b3   Thumb Code     2  stm32f1xx_it.o(i.NMI_Handler)
    OLED_Clear                               0x080048b5   Thumb Code    52  oled.o(i.OLED_Clear)
    OLED_Init                                0x080048e9   Thumb Code    16  oled.o(i.OLED_Init)
    OLED_On                                  0x080048f9   Thumb Code    52  oled.o(i.OLED_On)
    OLED_Set_Pos                             0x0800492d   Thumb Code    34  oled.o(i.OLED_Set_Pos)
    OLED_ShowChar                            0x08004951   Thumb Code   126  oled.o(i.OLED_ShowChar)
    OLED_ShowNum                             0x080049d9   Thumb Code   106  oled.o(i.OLED_ShowNum)
    OLED_ShowString                          0x08004a43   Thumb Code    54  oled.o(i.OLED_ShowString)
    OLED_ShowUnFloat                         0x08004a79   Thumb Code   182  oled.o(i.OLED_ShowUnFloat)
    OLED_WR_CMD                              0x08004b35   Thumb Code    32  oled.o(i.OLED_WR_CMD)
    OLED_WR_DATA                             0x08004b59   Thumb Code    32  oled.o(i.OLED_WR_DATA)
    PendSV_Handler                           0x08004b7d   Thumb Code     2  stm32f1xx_it.o(i.PendSV_Handler)
    SVC_Handler                              0x08004b7f   Thumb Code     2  stm32f1xx_it.o(i.SVC_Handler)
    SysTick_Handler                          0x08004b81   Thumb Code     4  stm32f1xx_it.o(i.SysTick_Handler)
    SystemClock_Config                       0x08004b85   Thumb Code   120  main.o(i.SystemClock_Config)
    SystemInit                               0x08004bfd   Thumb Code     2  system_stm32f1xx.o(i.SystemInit)
    TIM3_IRQHandler                          0x08004c01   Thumb Code     6  stm32f1xx_it.o(i.TIM3_IRQHandler)
    TIM4_IRQHandler                          0x08004c0d   Thumb Code     6  stm32f1xx_it.o(i.TIM4_IRQHandler)
    TIM_Base_SetConfig                       0x08004c19   Thumb Code    94  stm32f1xx_hal_tim.o(i.TIM_Base_SetConfig)
    TIM_CCxChannelCmd                        0x08004c85   Thumb Code    26  stm32f1xx_hal_tim.o(i.TIM_CCxChannelCmd)
    TIM_ETR_SetConfig                        0x08004c9f   Thumb Code    20  stm32f1xx_hal_tim.o(i.TIM_ETR_SetConfig)
    TIM_OC2_SetConfig                        0x08004d15   Thumb Code    84  stm32f1xx_hal_tim.o(i.TIM_OC2_SetConfig)
    UART_Start_Receive_DMA                   0x080050cd   Thumb Code    98  stm32f1xx_hal_uart.o(i.UART_Start_Receive_DMA)
    USART1_IRQHandler                        0x080051a1   Thumb Code    60  stm32f1xx_it.o(i.USART1_IRQHandler)
    UsageFault_Handler                       0x080051ed   Thumb Code     2  stm32f1xx_it.o(i.UsageFault_Handler)
    WriteCmd                                 0x080051f1   Thumb Code    42  oled.o(i.WriteCmd)
    __0printf                                0x08005225   Thumb Code    22  printfa.o(i.__0printf)
    __1printf                                0x08005225   Thumb Code     0  printfa.o(i.__0printf)
    __2printf                                0x08005225   Thumb Code     0  printfa.o(i.__0printf)
    __c89printf                              0x08005225   Thumb Code     0  printfa.o(i.__0printf)
    printf                                   0x08005225   Thumb Code     0  printfa.o(i.__0printf)
    __scatterload_copy                       0x08005265   Thumb Code    14  handlers.o(i.__scatterload_copy)
    __scatterload_null                       0x08005273   Thumb Code     2  handlers.o(i.__scatterload_null)
    __scatterload_zeroinit                   0x08005275   Thumb Code    14  handlers.o(i.__scatterload_zeroinit)
    _is_digit                                0x08005409   Thumb Code    14  scanf_fp.o(i._is_digit)
    bsp_ADCValue_PoorCmpAnd                  0x08005b21   Thumb Code   172  bspcsis.o(i.bsp_ADCValue_PoorCmpAnd)
    bsp_ADC_Operate                          0x08005bd1   Thumb Code   156  bspcsis.o(i.bsp_ADC_Operate)
    bsp_ArBi_Filter                          0x08005c71   Thumb Code    74  bspcsis.o(i.bsp_ArBi_Filter)
    bsp_Cross                                0x08005ccd   Thumb Code    98  bspcsis.o(i.bsp_Cross)
    bsp_CycleIn                              0x08005d39   Thumb Code    72  bspcsis.o(i.bsp_CycleIn)
    bsp_Emac_Operate                         0x08005d95   Thumb Code   102  bspcsis.o(i.bsp_Emac_Operate)
    bsp_GloableInit                          0x08005e09   Thumb Code   122  bspcsis.o(i.bsp_GloableInit)
    bsp_LED_FeedBack                         0x08005eb1   Thumb Code    34  bspcsis.o(i.bsp_LED_FeedBack)
    bsp_Motor_PwmSet                         0x08005ed9   Thumb Code   192  bspcsis.o(i.bsp_Motor_PwmSet)
    bsp_OLED_Display                         0x08005fa9   Thumb Code   350  bspcsis.o(i.bsp_OLED_Display)
    bsp_OutAndInbound                        0x08006141   Thumb Code    48  bspcsis.o(i.bsp_OutAndInbound)
    bsp_PCA_Init                             0x08006179   Thumb Code    26  bspcsis.o(i.bsp_PCA_Init)
    bsp_PID_Control                          0x080061a9   Thumb Code    28  bspcsis.o(i.bsp_PID_Control)
    bsp_PID_Core                             0x080061c9   Thumb Code   236  bspcsis.o(i.bsp_PID_Core)
    bsp_PID_Init                             0x080062b9   Thumb Code    34  bspcsis.o(i.bsp_PID_Init)
    bsp_SignJudge                            0x080062e9   Thumb Code    52  bspcsis.o(i.bsp_SignJudge)
    bsp_SteMot_PwmSet                        0x08006325   Thumb Code   136  bspcsis.o(i.bsp_SteMot_PwmSet)
    bsp_Usart_CallBack                       0x080063cd   Thumb Code   402  bspcsis.o(i.bsp_Usart_CallBack)
    bsp_Usart_Operate                        0x080066f1   Thumb Code  2060  bspcsis.o(i.bsp_Usart_Operate)
    bsp_Usart_Receive                        0x0800700d   Thumb Code    56  bspcsis.o(i.bsp_Usart_Receive)
    bsp_Yshape                               0x08007055   Thumb Code    86  bspcsis.o(i.bsp_Yshape)
    fputc                                    0x080070c1   Thumb Code    20  bspcsis.o(i.fputc)
    main                                     0x080070d9   Thumb Code    74  main.o(i.main)
    oled_pow                                 0x08007123   Thumb Code    16  oled.o(i.oled_pow)
    F6x8                                     0x08007132   Data         552  oled.o(.constdata)
    F8X16                                    0x0800735a   Data        1504  oled.o(.constdata)
    Hzk                                      0x0800793a   Data         320  oled.o(.constdata)
    AHBPrescTable                            0x08007a7a   Data          16  system_stm32f1xx.o(.constdata)
    APBPrescTable                            0x08007a8a   Data           8  system_stm32f1xx.o(.constdata)
    __ctype_categories                       0x08007a92   Data          64  ctype_c.o(.constdata)
    Region$$Table$$Base                      0x08007ad4   Number         0  anon$$obj.o(Region$$Table)
    Region$$Table$$Limit                     0x08007af4   Number         0  anon$$obj.o(Region$$Table)
    huandaoK                                 0x20000000   Data           1  bspcsis.o(.data)
    Switch                                   0x20000001   Data           5  bspcsis.o(.data)
    MotDiff                                  0x20000008   Data           8  bspcsis.o(.data)
    ITRT                                     0x20000010   Data          32  bspcsis.o(.data)
    JDVL                                     0x20000030   Data          16  bspcsis.o(.data)
    CMD_Data                                 0x20000040   Data          27  oled.o(.data)
    rx_len                                   0x2000005b   Data           1  usart.o(.data)
    recv_end_flag                            0x2000005c   Data           1  usart.o(.data)
    uwTickFreq                               0x20000060   Data           1  stm32f1xx_hal.o(.data)
    uwTickPrio                               0x20000064   Data           4  stm32f1xx_hal.o(.data)
    uwTick                                   0x20000068   Data           4  stm32f1xx_hal.o(.data)
    SystemCoreClock                          0x2000006c   Data           4  system_stm32f1xx.o(.data)
    __stdout                                 0x20000070   Data           4  stdout.o(.data)
    Flag                                     0x20000074   Data          18  bspcsis.o(.bss)
    PCA                                      0x20000090   Data          24  bspcsis.o(.bss)
    Motor                                    0x200000a8   Data          16  bspcsis.o(.bss)
    SteMot                                   0x200000b8   Data          16  bspcsis.o(.bss)
    adcData                                  0x200000c8   Data          60  bspcsis.o(.bss)
    PID                                      0x20000104   Data          44  bspcsis.o(.bss)
    hadc1                                    0x20000130   Data          48  adc.o(.bss)
    hadc2                                    0x20000160   Data          48  adc.o(.bss)
    hdma_adc1                                0x20000190   Data          68  adc.o(.bss)
    hi2c1                                    0x200001d4   Data          84  i2c.o(.bss)
    htim1                                    0x20000228   Data          72  tim.o(.bss)
    htim2                                    0x20000270   Data          72  tim.o(.bss)
    htim3                                    0x200002b8   Data          72  tim.o(.bss)
    htim4                                    0x20000300   Data          72  tim.o(.bss)
    rx_buffer                                0x20000348   Data         200  usart.o(.bss)
    huart1                                   0x20000410   Data          68  usart.o(.bss)
    huart3                                   0x20000454   Data          68  usart.o(.bss)
    hdma_usart1_rx                           0x20000498   Data          68  usart.o(.bss)
    __initial_sp                             0x200008e0   Data           0  startup_stm32f103xb.o(STACK)



==============================================================================

Memory Map of the image

  Image Entry point : 0x080000ed

  Load Region LR_IROM1 (Base: 0x08000000, Size: 0x00007b68, Max: 0x00010000, ABSOLUTE)

    Execution Region ER_IROM1 (Exec base: 0x08000000, Load base: 0x08000000, Size: 0x00007af4, Max: 0x00010000, ABSOLUTE)

    Exec Addr    Load Addr    Size         Type   Attr      Idx    E Section Name        Object

    0x08000000   0x08000000   0x000000ec   Data   RO            3    RESET               startup_stm32f103xb.o
    0x080000ec   0x080000ec   0x00000000   Code   RO         3962  * .ARM.Collect$$$$00000000  mc_w.l(entry.o)
    0x080000ec   0x080000ec   0x00000004   Code   RO         4272    .ARM.Collect$$$$00000001  mc_w.l(entry2.o)
    0x080000f0   0x080000f0   0x00000004   Code   RO         4275    .ARM.Collect$$$$00000004  mc_w.l(entry5.o)
    0x080000f4   0x080000f4   0x00000000   Code   RO         4277    .ARM.Collect$$$$00000008  mc_w.l(entry7b.o)
    0x080000f4   0x080000f4   0x00000000   Code   RO         4279    .ARM.Collect$$$$0000000A  mc_w.l(entry8b.o)
    0x080000f4   0x080000f4   0x00000008   Code   RO         4280    .ARM.Collect$$$$0000000B  mc_w.l(entry9a.o)
    0x080000fc   0x080000fc   0x00000004   Code   RO         4287    .ARM.Collect$$$$0000000E  mc_w.l(entry12b.o)
    0x08000100   0x08000100   0x00000000   Code   RO         4282    .ARM.Collect$$$$0000000F  mc_w.l(entry10a.o)
    0x08000100   0x08000100   0x00000000   Code   RO         4284    .ARM.Collect$$$$00000011  mc_w.l(entry11a.o)
    0x08000100   0x08000100   0x00000004   Code   RO         4273    .ARM.Collect$$$$00002712  mc_w.l(entry2.o)
    0x08000104   0x08000104   0x00000024   Code   RO            4    .text               startup_stm32f103xb.o
    0x08000128   0x08000128   0x00000020   Code   RO         3965    .text               mc_w.l(llushr.o)
    0x08000148   0x08000148   0x00000024   Code   RO         3967    .text               mc_w.l(memcpya.o)
    0x0800016c   0x0800016c   0x00000024   Code   RO         3969    .text               mc_w.l(memseta.o)
    0x08000190   0x08000190   0x00000038   Code   RO         4234    .text               mc_w.l(__0sscanf.o)
    0x080001c8   0x080001c8   0x00000360   Code   RO         4236    .text               mc_w.l(scanf_fp.o)
    0x08000528   0x08000528   0x000000b0   Code   RO         4240    .text               mf_w.l(fadd.o)
    0x080005d8   0x080005d8   0x00000064   Code   RO         4242    .text               mf_w.l(fmul.o)
    0x0800063c   0x0800063c   0x0000007c   Code   RO         4244    .text               mf_w.l(fdiv.o)
    0x080006b8   0x080006b8   0x0000014e   Code   RO         4246    .text               mf_w.l(dadd.o)
    0x08000806   0x08000806   0x000000e4   Code   RO         4248    .text               mf_w.l(dmul.o)
    0x080008ea   0x080008ea   0x000000de   Code   RO         4250    .text               mf_w.l(ddiv.o)
    0x080009c8   0x080009c8   0x00000012   Code   RO         4252    .text               mf_w.l(fflti.o)
    0x080009da   0x080009da   0x0000000a   Code   RO         4254    .text               mf_w.l(ffltui.o)
    0x080009e4   0x080009e4   0x0000001a   Code   RO         4256    .text               mf_w.l(dfltui.o)
    0x080009fe   0x080009fe   0x00000032   Code   RO         4258    .text               mf_w.l(ffixi.o)
    0x08000a30   0x08000a30   0x00000028   Code   RO         4260    .text               mf_w.l(ffixui.o)
    0x08000a58   0x08000a58   0x0000003e   Code   RO         4262    .text               mf_w.l(dfixi.o)
    0x08000a96   0x08000a96   0x00000026   Code   RO         4264    .text               mf_w.l(f2d.o)
    0x08000abc   0x08000abc   0x00000038   Code   RO         4266    .text               mf_w.l(d2f.o)
    0x08000af4   0x08000af4   0x00000014   Code   RO         4268    .text               mf_w.l(cfcmple.o)
    0x08000b08   0x08000b08   0x00000014   Code   RO         4270    .text               mf_w.l(cfrcmple.o)
    0x08000b1c   0x08000b1c   0x0000002c   Code   RO         4289    .text               mc_w.l(uidiv.o)
    0x08000b48   0x08000b48   0x00000062   Code   RO         4291    .text               mc_w.l(uldiv.o)
    0x08000baa   0x08000baa   0x0000001e   Code   RO         4293    .text               mc_w.l(llshl.o)
    0x08000bc8   0x08000bc8   0x00000024   Code   RO         4295    .text               mc_w.l(llsshr.o)
    0x08000bec   0x08000bec   0x00000028   Code   RO         4297    .text               mc_w.l(scanf_char.o)
    0x08000c14   0x08000c14   0x00000040   Code   RO         4299    .text               mc_w.l(_sgetc.o)
    0x08000c54   0x08000c54   0x00000000   Code   RO         4301    .text               mc_w.l(iusefp.o)
    0x08000c54   0x08000c54   0x0000006e   Code   RO         4302    .text               mf_w.l(fepilogue.o)
    0x08000cc2   0x08000cc2   0x000000ba   Code   RO         4304    .text               mf_w.l(depilogue.o)
    0x08000d7c   0x08000d7c   0x00000018   Code   RO         4306    .text               mf_w.l(dfltul.o)
    0x08000d94   0x08000d94   0x00000030   Code   RO         4308    .text               mf_w.l(dfixul.o)
    0x08000dc4   0x08000dc4   0x00000030   Code   RO         4310    .text               mf_w.l(cdrcmple.o)
    0x08000df4   0x08000df4   0x00000024   Code   RO         4312    .text               mc_w.l(init.o)
    0x08000e18   0x08000e18   0x0000000a   Code   RO         4314    .text               mc_w.l(isspace_c.o)
    0x08000e22   0x08000e22   0x00000002   PAD
    0x08000e24   0x08000e24   0x00000330   Code   RO         4316    .text               mc_w.l(_scanf.o)
    0x08001154   0x08001154   0x00000028   Code   RO         4318    .text               mc_w.l(ctype_c.o)
    0x0800117c   0x0800117c   0x0000001c   Code   RO          724    i.ADC1_2_IRQHandler  stm32f1xx_it.o
    0x08001198   0x08001198   0x00000056   Code   RO          914    i.ADC_ConversionStop_Disable  stm32f1xx_hal_adc.o
    0x080011ee   0x080011ee   0x0000004e   Code   RO          915    i.ADC_DMAConvCplt   stm32f1xx_hal_adc.o
    0x0800123c   0x0800123c   0x0000001a   Code   RO          916    i.ADC_DMAError      stm32f1xx_hal_adc.o
    0x08001256   0x08001256   0x0000000a   Code   RO          917    i.ADC_DMAHalfConvCplt  stm32f1xx_hal_adc.o
    0x08001260   0x08001260   0x0000007c   Code   RO          918    i.ADC_Enable        stm32f1xx_hal_adc.o
    0x080012dc   0x080012dc   0x00000002   Code   RO          725    i.BusFault_Handler  stm32f1xx_it.o
    0x080012de   0x080012de   0x00000002   PAD
    0x080012e0   0x080012e0   0x0000000c   Code   RO          726    i.DMA1_Channel1_IRQHandler  stm32f1xx_it.o
    0x080012ec   0x080012ec   0x0000000c   Code   RO          727    i.DMA1_Channel5_IRQHandler  stm32f1xx_it.o
    0x080012f8   0x080012f8   0x0000002a   Code   RO         1568    i.DMA_SetConfig     stm32f1xx_hal_dma.o
    0x08001322   0x08001322   0x00000002   Code   RO          728    i.DebugMon_Handler  stm32f1xx_it.o
    0x08001324   0x08001324   0x00000006   Code   RO          729    i.EXTI0_IRQHandler  stm32f1xx_it.o
    0x0800132a   0x0800132a   0x00000006   Code   RO          730    i.EXTI1_IRQHandler  stm32f1xx_it.o
    0x08001330   0x08001330   0x00000004   Code   RO          431    i.Error_Handler     main.o
    0x08001334   0x08001334   0x00000002   Code   RO         1096    i.HAL_ADCEx_InjectedConvCpltCallback  stm32f1xx_hal_adc_ex.o
    0x08001336   0x08001336   0x00000002   PAD
    0x08001338   0x08001338   0x000000fc   Code   RO          920    i.HAL_ADC_ConfigChannel  stm32f1xx_hal_adc.o
    0x08001434   0x08001434   0x00000002   Code   RO          921    i.HAL_ADC_ConvCpltCallback  stm32f1xx_hal_adc.o
    0x08001436   0x08001436   0x00000002   Code   RO          922    i.HAL_ADC_ConvHalfCpltCallback  stm32f1xx_hal_adc.o
    0x08001438   0x08001438   0x00000002   Code   RO          924    i.HAL_ADC_ErrorCallback  stm32f1xx_hal_adc.o
    0x0800143a   0x0800143a   0x00000006   Code   RO          927    i.HAL_ADC_GetValue  stm32f1xx_hal_adc.o
    0x08001440   0x08001440   0x000000e6   Code   RO          928    i.HAL_ADC_IRQHandler  stm32f1xx_hal_adc.o
    0x08001526   0x08001526   0x00000002   PAD
    0x08001528   0x08001528   0x0000011c   Code   RO          929    i.HAL_ADC_Init      stm32f1xx_hal_adc.o
    0x08001644   0x08001644   0x00000002   Code   RO          930    i.HAL_ADC_LevelOutOfWindowCallback  stm32f1xx_hal_adc.o
    0x08001646   0x08001646   0x00000002   PAD
    0x08001648   0x08001648   0x000000d8   Code   RO          495    i.HAL_ADC_MspInit   adc.o
    0x08001720   0x08001720   0x000000c0   Code   RO          935    i.HAL_ADC_Start     stm32f1xx_hal_adc.o
    0x080017e0   0x080017e0   0x0000010c   Code   RO          936    i.HAL_ADC_Start_DMA  stm32f1xx_hal_adc.o
    0x080018ec   0x080018ec   0x00000046   Code   RO         1569    i.HAL_DMA_Abort     stm32f1xx_hal_dma.o
    0x08001932   0x08001932   0x00000002   PAD
    0x08001934   0x08001934   0x00000098   Code   RO         1570    i.HAL_DMA_Abort_IT  stm32f1xx_hal_dma.o
    0x080019cc   0x080019cc   0x00000006   Code   RO         1573    i.HAL_DMA_GetState  stm32f1xx_hal_dma.o
    0x080019d2   0x080019d2   0x00000002   PAD
    0x080019d4   0x080019d4   0x00000154   Code   RO         1574    i.HAL_DMA_IRQHandler  stm32f1xx_hal_dma.o
    0x08001b28   0x08001b28   0x0000005c   Code   RO         1575    i.HAL_DMA_Init      stm32f1xx_hal_dma.o
    0x08001b84   0x08001b84   0x00000070   Code   RO         1579    i.HAL_DMA_Start_IT  stm32f1xx_hal_dma.o
    0x08001bf4   0x08001bf4   0x00000024   Code   RO         1197    i.HAL_Delay         stm32f1xx_hal.o
    0x08001c18   0x08001c18   0x00000058   Code   RO           13    i.HAL_GPIO_EXTI_Callback  bspcsis.o
    0x08001c70   0x08001c70   0x00000018   Code   RO         1504    i.HAL_GPIO_EXTI_IRQHandler  stm32f1xx_hal_gpio.o
    0x08001c88   0x08001c88   0x000001e0   Code   RO         1505    i.HAL_GPIO_Init     stm32f1xx_hal_gpio.o
    0x08001e68   0x08001e68   0x0000000a   Code   RO         1507    i.HAL_GPIO_ReadPin  stm32f1xx_hal_gpio.o
    0x08001e72   0x08001e72   0x00000010   Code   RO         1508    i.HAL_GPIO_TogglePin  stm32f1xx_hal_gpio.o
    0x08001e82   0x08001e82   0x0000000a   Code   RO         1509    i.HAL_GPIO_WritePin  stm32f1xx_hal_gpio.o
    0x08001e8c   0x08001e8c   0x0000000c   Code   RO         1201    i.HAL_GetTick       stm32f1xx_hal.o
    0x08001e98   0x08001e98   0x00000002   Code   RO         2165    i.HAL_I2C_AbortCpltCallback  stm32f1xx_hal_i2c.o
    0x08001e9a   0x08001e9a   0x00000002   Code   RO         2166    i.HAL_I2C_AddrCallback  stm32f1xx_hal_i2c.o
    0x08001e9c   0x08001e9c   0x00000230   Code   RO         2170    i.HAL_I2C_EV_IRQHandler  stm32f1xx_hal_i2c.o
    0x080020cc   0x080020cc   0x00000002   Code   RO         2172    i.HAL_I2C_ErrorCallback  stm32f1xx_hal_i2c.o
    0x080020ce   0x080020ce   0x00000002   PAD
    0x080020d0   0x080020d0   0x00000188   Code   RO         2176    i.HAL_I2C_Init      stm32f1xx_hal_i2c.o
    0x08002258   0x08002258   0x00000002   Code   RO         2178    i.HAL_I2C_ListenCpltCallback  stm32f1xx_hal_i2c.o
    0x0800225a   0x0800225a   0x00000002   Code   RO         2179    i.HAL_I2C_MasterRxCpltCallback  stm32f1xx_hal_i2c.o
    0x0800225c   0x0800225c   0x00000002   Code   RO         2180    i.HAL_I2C_MasterTxCpltCallback  stm32f1xx_hal_i2c.o
    0x0800225e   0x0800225e   0x00000002   Code   RO         2192    i.HAL_I2C_MemRxCpltCallback  stm32f1xx_hal_i2c.o
    0x08002260   0x08002260   0x00000002   Code   RO         2193    i.HAL_I2C_MemTxCpltCallback  stm32f1xx_hal_i2c.o
    0x08002262   0x08002262   0x00000002   PAD
    0x08002264   0x08002264   0x00000130   Code   RO         2197    i.HAL_I2C_Mem_Write  stm32f1xx_hal_i2c.o
    0x08002394   0x08002394   0x00000080   Code   RO          567    i.HAL_I2C_MspInit   i2c.o
    0x08002414   0x08002414   0x00000002   Code   RO         2202    i.HAL_I2C_SlaveRxCpltCallback  stm32f1xx_hal_i2c.o
    0x08002416   0x08002416   0x00000002   Code   RO         2203    i.HAL_I2C_SlaveTxCpltCallback  stm32f1xx_hal_i2c.o
    0x08002418   0x08002418   0x00000010   Code   RO         1207    i.HAL_IncTick       stm32f1xx_hal.o
    0x08002428   0x08002428   0x00000024   Code   RO         1208    i.HAL_Init          stm32f1xx_hal.o
    0x0800244c   0x0800244c   0x00000040   Code   RO         1209    i.HAL_InitTick      stm32f1xx_hal.o
    0x0800248c   0x0800248c   0x0000003c   Code   RO          854    i.HAL_MspInit       stm32f1xx_hal_msp.o
    0x080024c8   0x080024c8   0x0000001a   Code   RO         1665    i.HAL_NVIC_EnableIRQ  stm32f1xx_hal_cortex.o
    0x080024e2   0x080024e2   0x00000002   PAD
    0x080024e4   0x080024e4   0x00000040   Code   RO         1671    i.HAL_NVIC_SetPriority  stm32f1xx_hal_cortex.o
    0x08002524   0x08002524   0x00000024   Code   RO         1672    i.HAL_NVIC_SetPriorityGrouping  stm32f1xx_hal_cortex.o
    0x08002548   0x08002548   0x000000ec   Code   RO         1468    i.HAL_RCCEx_PeriphCLKConfig  stm32f1xx_hal_rcc_ex.o
    0x08002634   0x08002634   0x0000012c   Code   RO         1365    i.HAL_RCC_ClockConfig  stm32f1xx_hal_rcc.o
    0x08002760   0x08002760   0x00000020   Code   RO         1372    i.HAL_RCC_GetPCLK1Freq  stm32f1xx_hal_rcc.o
    0x08002780   0x08002780   0x00000020   Code   RO         1373    i.HAL_RCC_GetPCLK2Freq  stm32f1xx_hal_rcc.o
    0x080027a0   0x080027a0   0x0000006c   Code   RO         1374    i.HAL_RCC_GetSysClockFreq  stm32f1xx_hal_rcc.o
    0x0800280c   0x0800280c   0x00000320   Code   RO         1377    i.HAL_RCC_OscConfig  stm32f1xx_hal_rcc.o
    0x08002b2c   0x08002b2c   0x00000028   Code   RO         1676    i.HAL_SYSTICK_Config  stm32f1xx_hal_cortex.o
    0x08002b54   0x08002b54   0x00000002   Code   RO         3303    i.HAL_TIMEx_BreakCallback  stm32f1xx_hal_tim_ex.o
    0x08002b56   0x08002b56   0x00000002   Code   RO         3304    i.HAL_TIMEx_CommutCallback  stm32f1xx_hal_tim_ex.o
    0x08002b58   0x08002b58   0x00000054   Code   RO         3306    i.HAL_TIMEx_ConfigBreakDeadTime  stm32f1xx_hal_tim_ex.o
    0x08002bac   0x08002bac   0x00000068   Code   RO         3322    i.HAL_TIMEx_MasterConfigSynchronization  stm32f1xx_hal_tim_ex.o
    0x08002c14   0x08002c14   0x0000005a   Code   RO         2599    i.HAL_TIM_Base_Init  stm32f1xx_hal_tim.o
    0x08002c6e   0x08002c6e   0x00000002   PAD
    0x08002c70   0x08002c70   0x00000094   Code   RO          609    i.HAL_TIM_Base_MspInit  tim.o
    0x08002d04   0x08002d04   0x00000050   Code   RO         2602    i.HAL_TIM_Base_Start  stm32f1xx_hal_tim.o
    0x08002d54   0x08002d54   0x00000058   Code   RO         2604    i.HAL_TIM_Base_Start_IT  stm32f1xx_hal_tim.o
    0x08002dac   0x08002dac   0x000000d6   Code   RO         2608    i.HAL_TIM_ConfigClockSource  stm32f1xx_hal_tim.o
    0x08002e82   0x08002e82   0x00000002   Code   RO         2633    i.HAL_TIM_IC_CaptureCallback  stm32f1xx_hal_tim.o
    0x08002e84   0x08002e84   0x00000166   Code   RO         2647    i.HAL_TIM_IRQHandler  stm32f1xx_hal_tim.o
    0x08002fea   0x08002fea   0x00000002   PAD
    0x08002fec   0x08002fec   0x0000008c   Code   RO          610    i.HAL_TIM_MspPostInit  tim.o
    0x08003078   0x08003078   0x00000002   Code   RO         2650    i.HAL_TIM_OC_DelayElapsedCallback  stm32f1xx_hal_tim.o
    0x0800307a   0x0800307a   0x000000c6   Code   RO         2671    i.HAL_TIM_PWM_ConfigChannel  stm32f1xx_hal_tim.o
    0x08003140   0x08003140   0x0000005a   Code   RO         2674    i.HAL_TIM_PWM_Init  stm32f1xx_hal_tim.o
    0x0800319a   0x0800319a   0x00000002   Code   RO         2676    i.HAL_TIM_PWM_MspInit  stm32f1xx_hal_tim.o
    0x0800319c   0x0800319c   0x00000002   Code   RO         2677    i.HAL_TIM_PWM_PulseFinishedCallback  stm32f1xx_hal_tim.o
    0x0800319e   0x0800319e   0x00000002   PAD
    0x080031a0   0x080031a0   0x0000009c   Code   RO         2679    i.HAL_TIM_PWM_Start  stm32f1xx_hal_tim.o
    0x0800323c   0x0800323c   0x000000dc   Code   RO           14    i.HAL_TIM_PeriodElapsedCallback  bspcsis.o
    0x08003318   0x08003318   0x00000002   Code   RO         2690    i.HAL_TIM_TriggerCallback  stm32f1xx_hal_tim.o
    0x0800331a   0x0800331a   0x00000002   Code   RO         3581    i.HAL_UARTEx_RxEventCallback  stm32f1xx_hal_uart.o
    0x0800331c   0x0800331c   0x00000058   Code   RO         3593    i.HAL_UART_DMAStop  stm32f1xx_hal_uart.o
    0x08003374   0x08003374   0x00000002   Code   RO         3595    i.HAL_UART_ErrorCallback  stm32f1xx_hal_uart.o
    0x08003376   0x08003376   0x00000002   PAD
    0x08003378   0x08003378   0x0000020c   Code   RO         3598    i.HAL_UART_IRQHandler  stm32f1xx_hal_uart.o
    0x08003584   0x08003584   0x00000062   Code   RO         3599    i.HAL_UART_Init     stm32f1xx_hal_uart.o
    0x080035e6   0x080035e6   0x00000002   PAD
    0x080035e8   0x080035e8   0x0000010c   Code   RO          675    i.HAL_UART_MspInit  usart.o
    0x080036f4   0x080036f4   0x0000002a   Code   RO         3603    i.HAL_UART_Receive_DMA  stm32f1xx_hal_uart.o
    0x0800371e   0x0800371e   0x00000002   Code   RO         3605    i.HAL_UART_RxCpltCallback  stm32f1xx_hal_uart.o
    0x08003720   0x08003720   0x00000002   Code   RO         3606    i.HAL_UART_RxHalfCpltCallback  stm32f1xx_hal_uart.o
    0x08003722   0x08003722   0x00000002   PAD
    0x08003724   0x08003724   0x000000b2   Code   RO         3607    i.HAL_UART_Transmit  stm32f1xx_hal_uart.o
    0x080037d6   0x080037d6   0x00000002   Code   RO         3610    i.HAL_UART_TxCpltCallback  stm32f1xx_hal_uart.o
    0x080037d8   0x080037d8   0x00000002   Code   RO          731    i.HardFault_Handler  stm32f1xx_it.o
    0x080037da   0x080037da   0x00000002   PAD
    0x080037dc   0x080037dc   0x0000000c   Code   RO          732    i.I2C1_EV_IRQHandler  stm32f1xx_it.o
    0x080037e8   0x080037e8   0x000000bc   Code   RO         2214    i.I2C_DMAAbort      stm32f1xx_hal_i2c.o
    0x080038a4   0x080038a4   0x00000158   Code   RO         2217    i.I2C_ITError       stm32f1xx_hal_i2c.o
    0x080039fc   0x080039fc   0x0000002e   Code   RO         2218    i.I2C_IsAcknowledgeFailed  stm32f1xx_hal_i2c.o
    0x08003a2a   0x08003a2a   0x000000d2   Code   RO         2219    i.I2C_MasterReceive_BTF  stm32f1xx_hal_i2c.o
    0x08003afc   0x08003afc   0x000000e8   Code   RO         2220    i.I2C_MasterReceive_RXNE  stm32f1xx_hal_i2c.o
    0x08003be4   0x08003be4   0x00000082   Code   RO         2223    i.I2C_MasterTransmit_BTF  stm32f1xx_hal_i2c.o
    0x08003c66   0x08003c66   0x00000002   PAD
    0x08003c68   0x08003c68   0x000000b6   Code   RO         2224    i.I2C_MasterTransmit_TXE  stm32f1xx_hal_i2c.o
    0x08003d1e   0x08003d1e   0x00000002   PAD
    0x08003d20   0x08003d20   0x00000158   Code   RO         2225    i.I2C_Master_ADDR   stm32f1xx_hal_i2c.o
    0x08003e78   0x08003e78   0x0000008c   Code   RO         2226    i.I2C_Master_SB     stm32f1xx_hal_i2c.o
    0x08003f04   0x08003f04   0x000000a0   Code   RO         2227    i.I2C_MemoryTransmit_TXE_BTF  stm32f1xx_hal_i2c.o
    0x08003fa4   0x08003fa4   0x000000a8   Code   RO         2229    i.I2C_RequestMemoryWrite  stm32f1xx_hal_i2c.o
    0x0800404c   0x0800404c   0x00000046   Code   RO         2230    i.I2C_Slave_ADDR    stm32f1xx_hal_i2c.o
    0x08004092   0x08004092   0x00000002   PAD
    0x08004094   0x08004094   0x0000015c   Code   RO         2232    i.I2C_Slave_STOPF   stm32f1xx_hal_i2c.o
    0x080041f0   0x080041f0   0x0000004c   Code   RO         2233    i.I2C_WaitOnBTFFlagUntilTimeout  stm32f1xx_hal_i2c.o
    0x0800423c   0x0800423c   0x00000068   Code   RO         2234    i.I2C_WaitOnFlagUntilTimeout  stm32f1xx_hal_i2c.o
    0x080042a4   0x080042a4   0x00000096   Code   RO         2235    i.I2C_WaitOnMasterAddressFlagUntilTimeout  stm32f1xx_hal_i2c.o
    0x0800433a   0x0800433a   0x0000004c   Code   RO         2237    i.I2C_WaitOnTXEFlagUntilTimeout  stm32f1xx_hal_i2c.o
    0x08004386   0x08004386   0x00000002   PAD
    0x08004388   0x08004388   0x000000a0   Code   RO          496    i.MX_ADC1_Init      adc.o
    0x08004428   0x08004428   0x00000050   Code   RO          497    i.MX_ADC2_Init      adc.o
    0x08004478   0x08004478   0x0000003c   Code   RO          542    i.MX_DMA_Init       dma.o
    0x080044b4   0x080044b4   0x000000f4   Code   RO          470    i.MX_GPIO_Init      gpio.o
    0x080045a8   0x080045a8   0x00000040   Code   RO          568    i.MX_I2C1_Init      i2c.o
    0x080045e8   0x080045e8   0x000000dc   Code   RO          611    i.MX_TIM1_Init      tim.o
    0x080046c4   0x080046c4   0x00000098   Code   RO          612    i.MX_TIM2_Init      tim.o
    0x0800475c   0x0800475c   0x00000068   Code   RO          613    i.MX_TIM3_Init      tim.o
    0x080047c4   0x080047c4   0x00000068   Code   RO          614    i.MX_TIM4_Init      tim.o
    0x0800482c   0x0800482c   0x0000004c   Code   RO          676    i.MX_USART1_UART_Init  usart.o
    0x08004878   0x08004878   0x00000038   Code   RO          677    i.MX_USART3_UART_Init  usart.o
    0x080048b0   0x080048b0   0x00000002   Code   RO          733    i.MemManage_Handler  stm32f1xx_it.o
    0x080048b2   0x080048b2   0x00000002   Code   RO          734    i.NMI_Handler       stm32f1xx_it.o
    0x080048b4   0x080048b4   0x00000034   Code   RO          316    i.OLED_Clear        oled.o
    0x080048e8   0x080048e8   0x00000010   Code   RO          319    i.OLED_Init         oled.o
    0x080048f8   0x080048f8   0x00000034   Code   RO          320    i.OLED_On           oled.o
    0x0800492c   0x0800492c   0x00000022   Code   RO          321    i.OLED_Set_Pos      oled.o
    0x0800494e   0x0800494e   0x00000002   PAD
    0x08004950   0x08004950   0x00000088   Code   RO          323    i.OLED_ShowChar     oled.o
    0x080049d8   0x080049d8   0x0000006a   Code   RO          324    i.OLED_ShowNum      oled.o
    0x08004a42   0x08004a42   0x00000036   Code   RO          325    i.OLED_ShowString   oled.o
    0x08004a78   0x08004a78   0x000000bc   Code   RO          326    i.OLED_ShowUnFloat  oled.o
    0x08004b34   0x08004b34   0x00000024   Code   RO          327    i.OLED_WR_CMD       oled.o
    0x08004b58   0x08004b58   0x00000024   Code   RO          328    i.OLED_WR_DATA      oled.o
    0x08004b7c   0x08004b7c   0x00000002   Code   RO          735    i.PendSV_Handler    stm32f1xx_it.o
    0x08004b7e   0x08004b7e   0x00000002   Code   RO          736    i.SVC_Handler       stm32f1xx_it.o
    0x08004b80   0x08004b80   0x00000004   Code   RO          737    i.SysTick_Handler   stm32f1xx_it.o
    0x08004b84   0x08004b84   0x00000078   Code   RO          432    i.SystemClock_Config  main.o
    0x08004bfc   0x08004bfc   0x00000002   Code   RO         3928    i.SystemInit        system_stm32f1xx.o
    0x08004bfe   0x08004bfe   0x00000002   PAD
    0x08004c00   0x08004c00   0x0000000c   Code   RO          738    i.TIM3_IRQHandler   stm32f1xx_it.o
    0x08004c0c   0x08004c0c   0x0000000c   Code   RO          739    i.TIM4_IRQHandler   stm32f1xx_it.o
    0x08004c18   0x08004c18   0x0000006c   Code   RO         2692    i.TIM_Base_SetConfig  stm32f1xx_hal_tim.o
    0x08004c84   0x08004c84   0x0000001a   Code   RO         2693    i.TIM_CCxChannelCmd  stm32f1xx_hal_tim.o
    0x08004c9e   0x08004c9e   0x00000014   Code   RO         2703    i.TIM_ETR_SetConfig  stm32f1xx_hal_tim.o
    0x08004cb2   0x08004cb2   0x00000010   Code   RO         2704    i.TIM_ITRx_SetConfig  stm32f1xx_hal_tim.o
    0x08004cc2   0x08004cc2   0x00000002   PAD
    0x08004cc4   0x08004cc4   0x00000050   Code   RO         2705    i.TIM_OC1_SetConfig  stm32f1xx_hal_tim.o
    0x08004d14   0x08004d14   0x00000058   Code   RO         2706    i.TIM_OC2_SetConfig  stm32f1xx_hal_tim.o
    0x08004d6c   0x08004d6c   0x00000058   Code   RO         2707    i.TIM_OC3_SetConfig  stm32f1xx_hal_tim.o
    0x08004dc4   0x08004dc4   0x00000044   Code   RO         2708    i.TIM_OC4_SetConfig  stm32f1xx_hal_tim.o
    0x08004e08   0x08004e08   0x00000022   Code   RO         2710    i.TIM_TI1_ConfigInputStage  stm32f1xx_hal_tim.o
    0x08004e2a   0x08004e2a   0x00000024   Code   RO         2712    i.TIM_TI2_ConfigInputStage  stm32f1xx_hal_tim.o
    0x08004e4e   0x08004e4e   0x00000010   Code   RO         3612    i.UART_DMAAbortOnError  stm32f1xx_hal_uart.o
    0x08004e5e   0x08004e5e   0x0000004a   Code   RO         3613    i.UART_DMAError     stm32f1xx_hal_uart.o
    0x08004ea8   0x08004ea8   0x0000005a   Code   RO         3614    i.UART_DMAReceiveCplt  stm32f1xx_hal_uart.o
    0x08004f02   0x08004f02   0x0000001a   Code   RO         3616    i.UART_DMARxHalfCplt  stm32f1xx_hal_uart.o
    0x08004f1c   0x08004f1c   0x00000030   Code   RO         3622    i.UART_EndRxTransfer  stm32f1xx_hal_uart.o
    0x08004f4c   0x08004f4c   0x00000012   Code   RO         3623    i.UART_EndTxTransfer  stm32f1xx_hal_uart.o
    0x08004f5e   0x08004f5e   0x000000b6   Code   RO         3624    i.UART_Receive_IT   stm32f1xx_hal_uart.o
    0x08005014   0x08005014   0x000000b8   Code   RO         3625    i.UART_SetConfig    stm32f1xx_hal_uart.o
    0x080050cc   0x080050cc   0x00000070   Code   RO         3626    i.UART_Start_Receive_DMA  stm32f1xx_hal_uart.o
    0x0800513c   0x0800513c   0x00000064   Code   RO         3628    i.UART_WaitOnFlagUntilTimeout  stm32f1xx_hal_uart.o
    0x080051a0   0x080051a0   0x0000004c   Code   RO          740    i.USART1_IRQHandler  stm32f1xx_it.o
    0x080051ec   0x080051ec   0x00000002   Code   RO          741    i.UsageFault_Handler  stm32f1xx_it.o
    0x080051ee   0x080051ee   0x00000002   PAD
    0x080051f0   0x080051f0   0x00000034   Code   RO          329    i.WriteCmd          oled.o
    0x08005224   0x08005224   0x00000020   Code   RO         4206    i.__0printf         mc_w.l(printfa.o)
    0x08005244   0x08005244   0x00000020   Code   RO         1678    i.__NVIC_SetPriority  stm32f1xx_hal_cortex.o
    0x08005264   0x08005264   0x0000000e   Code   RO         4323    i.__scatterload_copy  mc_w.l(handlers.o)
    0x08005272   0x08005272   0x00000002   Code   RO         4324    i.__scatterload_null  mc_w.l(handlers.o)
    0x08005274   0x08005274   0x0000000e   Code   RO         4325    i.__scatterload_zeroinit  mc_w.l(handlers.o)
    0x08005282   0x08005282   0x00000002   PAD
    0x08005284   0x08005284   0x00000184   Code   RO         4213    i._fp_digits        mc_w.l(printfa.o)
    0x08005408   0x08005408   0x0000000e   Code   RO         4238    i._is_digit         mc_w.l(scanf_fp.o)
    0x08005416   0x08005416   0x00000002   PAD
    0x08005418   0x08005418   0x000006b4   Code   RO         4214    i._printf_core      mc_w.l(printfa.o)
    0x08005acc   0x08005acc   0x00000024   Code   RO         4215    i._printf_post_padding  mc_w.l(printfa.o)
    0x08005af0   0x08005af0   0x0000002e   Code   RO         4216    i._printf_pre_padding  mc_w.l(printfa.o)
    0x08005b1e   0x08005b1e   0x00000002   PAD
    0x08005b20   0x08005b20   0x000000b0   Code   RO           15    i.bsp_ADCValue_PoorCmpAnd  bspcsis.o
    0x08005bd0   0x08005bd0   0x000000a0   Code   RO           16    i.bsp_ADC_Operate   bspcsis.o
    0x08005c70   0x08005c70   0x0000005c   Code   RO           17    i.bsp_ArBi_Filter   bspcsis.o
    0x08005ccc   0x08005ccc   0x0000006c   Code   RO           18    i.bsp_Cross         bspcsis.o
    0x08005d38   0x08005d38   0x0000005c   Code   RO           19    i.bsp_CycleIn       bspcsis.o
    0x08005d94   0x08005d94   0x00000074   Code   RO           20    i.bsp_Emac_Operate  bspcsis.o
    0x08005e08   0x08005e08   0x000000a8   Code   RO           21    i.bsp_GloableInit   bspcsis.o
    0x08005eb0   0x08005eb0   0x00000028   Code   RO           22    i.bsp_LED_FeedBack  bspcsis.o
    0x08005ed8   0x08005ed8   0x000000d0   Code   RO           23    i.bsp_Motor_PwmSet  bspcsis.o
    0x08005fa8   0x08005fa8   0x00000198   Code   RO           24    i.bsp_OLED_Display  bspcsis.o
    0x08006140   0x08006140   0x00000038   Code   RO           25    i.bsp_OutAndInbound  bspcsis.o
    0x08006178   0x08006178   0x00000030   Code   RO           26    i.bsp_PCA_Init      bspcsis.o
    0x080061a8   0x080061a8   0x00000020   Code   RO           27    i.bsp_PID_Control   bspcsis.o
    0x080061c8   0x080061c8   0x000000f0   Code   RO           28    i.bsp_PID_Core      bspcsis.o
    0x080062b8   0x080062b8   0x00000030   Code   RO           29    i.bsp_PID_Init      bspcsis.o
    0x080062e8   0x080062e8   0x0000003c   Code   RO           30    i.bsp_SignJudge     bspcsis.o
    0x08006324   0x08006324   0x000000a8   Code   RO           32    i.bsp_SteMot_PwmSet  bspcsis.o
    0x080063cc   0x080063cc   0x00000324   Code   RO           33    i.bsp_Usart_CallBack  bspcsis.o
    0x080066f0   0x080066f0   0x0000091c   Code   RO           34    i.bsp_Usart_Operate  bspcsis.o
    0x0800700c   0x0800700c   0x00000048   Code   RO           35    i.bsp_Usart_Receive  bspcsis.o
    0x08007054   0x08007054   0x0000006c   Code   RO           36    i.bsp_Yshape        bspcsis.o
    0x080070c0   0x080070c0   0x00000018   Code   RO           37    i.fputc             bspcsis.o
    0x080070d8   0x080070d8   0x0000004a   Code   RO          433    i.main              main.o
    0x08007122   0x08007122   0x00000010   Code   RO          330    i.oled_pow          oled.o
    0x08007132   0x08007132   0x00000948   Data   RO          331    .constdata          oled.o
    0x08007a7a   0x08007a7a   0x00000010   Data   RO         3929    .constdata          system_stm32f1xx.o
    0x08007a8a   0x08007a8a   0x00000008   Data   RO         3930    .constdata          system_stm32f1xx.o
    0x08007a92   0x08007a92   0x00000040   Data   RO         4319    .constdata          mc_w.l(ctype_c.o)
    0x08007ad2   0x08007ad2   0x00000002   PAD
    0x08007ad4   0x08007ad4   0x00000020   Data   RO         4321    Region$$Table       anon$$obj.o


    Execution Region RW_IRAM1 (Exec base: 0x20000000, Load base: 0x08007af4, Size: 0x000008e0, Max: 0x00005000, ABSOLUTE)

    Exec Addr    Load Addr    Size         Type   Attr      Idx    E Section Name        Object

    0x20000000   0x08007af4   0x00000040   Data   RW           41    .data               bspcsis.o
    0x20000040   0x08007b34   0x0000001b   Data   RW          332    .data               oled.o
    0x2000005b   0x08007b4f   0x00000001   Data   RW          679    .data               usart.o
    0x2000005c   0x08007b50   0x00000001   Data   RW          680    .data               usart.o
    0x2000005d   0x08007b51   0x00000003   PAD
    0x20000060   0x08007b54   0x0000000c   Data   RW         1215    .data               stm32f1xx_hal.o
    0x2000006c   0x08007b60   0x00000004   Data   RW         3931    .data               system_stm32f1xx.o
    0x20000070   0x08007b64   0x00000004   Data   RW         4288    .data               mc_w.l(stdout.o)
    0x20000074        -       0x000000bc   Zero   RW           38    .bss                bspcsis.o
    0x20000130        -       0x000000a4   Zero   RW          498    .bss                adc.o
    0x200001d4        -       0x00000054   Zero   RW          569    .bss                i2c.o
    0x20000228        -       0x00000120   Zero   RW          615    .bss                tim.o
    0x20000348        -       0x00000194   Zero   RW          678    .bss                usart.o
    0x200004dc   0x08007b68   0x00000004   PAD
    0x200004e0        -       0x00000400   Zero   RW            1    STACK               startup_stm32f103xb.o


==============================================================================

Image component sizes


      Code (inc. data)   RO Data    RW Data    ZI Data      Debug   Object Name

       456         42          0          0        164       2480   adc.o
      5868       1762          0         64        188     472707   bspcsis.o
        60          4          0          0          0        762   dma.o
       244         22          0          0          0        991   gpio.o
       192         30          0          0         84       1665   i2c.o
       198          0          0          0          0       2016   main.o
       778         34       2376         27          0       8161   oled.o
        36          8        236          0       1024        800   startup_stm32f103xb.o
       164         28          0         12          0       5889   stm32f1xx_hal.o
      1564         64          0          0          0      11145   stm32f1xx_hal_adc.o
         2          0          0          0          0       1053   stm32f1xx_hal_adc_ex.o
       198         14          0          0          0      28935   stm32f1xx_hal_cortex.o
       814         36          0          0          0       5533   stm32f1xx_hal_dma.o
       540         40          0          0          0       4711   stm32f1xx_hal_gpio.o
      4244         64          0          0          0      26181   stm32f1xx_hal_i2c.o
        60          8          0          0          0        866   stm32f1xx_hal_msp.o
      1272        100          0          0          0       5188   stm32f1xx_hal_rcc.o
       236         12          0          0          0       1380   stm32f1xx_hal_rcc_ex.o
      1848         72          0          0          0      16499   stm32f1xx_hal_tim.o
       192         12          0          0          0       3157   stm32f1xx_hal_tim_ex.o
      1790         24          0          0          0      14645   stm32f1xx_hal_uart.o
       196         56          0          0          0       8626   stm32f1xx_it.o
         2          0         24          4          0       1115   system_stm32f1xx.o
       868         66          0          0        288       4607   tim.o
       400         46          0          2        404       2613   usart.o

    ----------------------------------------------------------------------
     22270       2544       2668        112       2156     631725   Object Totals
         0          0         32          0          0          0   (incl. Generated)
        48          0          0          3          4          0   (incl. Padding)

    ----------------------------------------------------------------------

      Code (inc. data)   RO Data    RW Data    ZI Data      Debug   Library Member Name

        56          8          0          0          0         84   __0sscanf.o
       816          6          0          0          0        112   _scanf.o
        64          0          0          0          0         84   _sgetc.o
        40          6         64          0          0         68   ctype_c.o
         0          0          0          0          0          0   entry.o
         0          0          0          0          0          0   entry10a.o
         0          0          0          0          0          0   entry11a.o
         4          0          0          0          0          0   entry12b.o
         8          4          0          0          0          0   entry2.o
         4          0          0          0          0          0   entry5.o
         0          0          0          0          0          0   entry7b.o
         0          0          0          0          0          0   entry8b.o
         8          4          0          0          0          0   entry9a.o
        30          0          0          0          0          0   handlers.o
        36          8          0          0          0         68   init.o
        10          0          0          0          0         68   isspace_c.o
         0          0          0          0          0          0   iusefp.o
        30          0          0          0          0         68   llshl.o
        36          0          0          0          0         68   llsshr.o
        32          0          0          0          0         68   llushr.o
        36          0          0          0          0         68   memcpya.o
        36          0          0          0          0        108   memseta.o
      2218         90          0          0          0        464   printfa.o
        40          8          0          0          0         84   scanf_char.o
       878         12          0          0          0        216   scanf_fp.o
         0          0          0          4          0          0   stdout.o
        44          0          0          0          0         80   uidiv.o
        98          0          0          0          0         92   uldiv.o
        48          0          0          0          0         68   cdrcmple.o
        20          0          0          0          0         68   cfcmple.o
        20          0          0          0          0         68   cfrcmple.o
        56          0          0          0          0         88   d2f.o
       334          0          0          0          0        148   dadd.o
       222          0          0          0          0        100   ddiv.o
       186          0          0          0          0        176   depilogue.o
        62          0          0          0          0         80   dfixi.o
        48          0          0          0          0         68   dfixul.o
        26          0          0          0          0         76   dfltui.o
        24          0          0          0          0         76   dfltul.o
       228          0          0          0          0         96   dmul.o
        38          0          0          0          0         68   f2d.o
       176          0          0          0          0        140   fadd.o
       124          0          0          0          0         88   fdiv.o
       110          0          0          0          0        168   fepilogue.o
        50          0          0          0          0         68   ffixi.o
        40          0          0          0          0         68   ffixui.o
        18          0          0          0          0         68   fflti.o
        10          0          0          0          0         68   ffltui.o
       100          0          0          0          0         76   fmul.o

    ----------------------------------------------------------------------
      6472        146         66          4          0       3724   Library Totals
         8          0          2          0          0          0   (incl. Padding)

    ----------------------------------------------------------------------

      Code (inc. data)   RO Data    RW Data    ZI Data      Debug   Library Name

      4524        146         64          4          0       1800   mc_w.l
      1940          0          0          0          0       1924   mf_w.l

    ----------------------------------------------------------------------
      6472        146         66          4          0       3724   Library Totals

    ----------------------------------------------------------------------

==============================================================================


      Code (inc. data)   RO Data    RW Data    ZI Data      Debug   

     28742       2690       2734        116       2156     623537   Grand Totals
     28742       2690       2734        116       2156     623537   ELF Image Totals
     28742       2690       2734        116          0          0   ROM Totals

==============================================================================

    Total RO  Size (Code + RO Data)                31476 (  30.74kB)
    Total RW  Size (RW Data + ZI Data)              2272 (   2.22kB)
    Total ROM Size (Code + RO Data + RW Data)      31592 (  30.85kB)

==============================================================================

